BL51 BANKED LINKER/LOCATER V6.22              10/13/2015  11:10:35  PAGE 1


BL51 BANKED LINKER/LOCATER V6.22, INVOKED BY:
C:\KEIL\C51\BIN\BL51.EXE E:\_KEIL_SOURCE\_GSM_MODEM_ITERIS\Main.obj, BANK1 {E:
>> \_KEIL_SOURCE\_GSM_MODEM_ITERIS\ADC.obj}, BANK1 {E:\_KEIL_SOURCE\_GSM_MODEM
>> _ITERIS\atflash.obj}, BANK2 {E:\_KEIL_SOURCE\_GSM_MODEM_ITERIS\io.obj}, BAN
>> K2 {E:\_KEIL_SOURCE\_GSM_MODEM_ITERIS\rele.obj}, BANK2 {E:\_KEIL_SOURCE\_GS
>> M_MODEM_ITERIS\SENSOR.obj}, BANK2 {E:\_KEIL_SOURCE\_GSM_MODEM_ITERIS\Siem_s
>> ms.obj}, BANK3 {E:\_KEIL_SOURCE\_GSM_MODEM_ITERIS\config.obj}, E:\_KEIL_SOU
>> RCE\_GSM_MODEM_ITERIS\interrupt.obj, BANK1 {E:\_KEIL_SOURCE\_GSM_MODEM_ITER
>> IS\rmodem.obj}, BANK1 {E:\_KEIL_SOURCE\_GSM_MODEM_ITERIS\uart.obj}, BANK1 {
>> E:\_KEIL_SOURCE\_GSM_MODEM_ITERIS\ds18b20.obj}, BANK3 {E:\_KEIL_SOURCE\_GSM
>> _MODEM_ITERIS\gprs\setting.obj}, BANK3 {E:\_KEIL_SOURCE\_GSM_MODEM_ITERIS\g
>> prs\gprs.obj}, BANK3 {E:\_KEIL_SOURCE\_GSM_MODEM_ITERIS\gprs\http.obj}, BAN
>> K1 {E:\_KEIL_SOURCE\_GSM_MODEM_ITERIS\kod8.obj}, E:\_KEIL_SOURCE\_GSM_MODEM
>> _ITERIS\L51_BANK.obj, E:\_KEIL_SOURCE\_GSM_MODEM_ITERIS\STARTUP.obj TO E:\_
>> KEIL_SOURCE\_GSM_MODEM_ITERIS\k8tse RS (256) PL (68) PW (78) CO (2800H) IX 
>> BANKAREA (8000H, 0FFFFH)


MEMORY MODEL: SMALL WITH FLOATING POINT ARITHMETIC


INPUT MODULES INCLUDED:
  E:\_KEIL_SOURCE\_GSM_MODEM_ITERIS\Main.obj (MAIN)
  E:\_KEIL_SOURCE\_GSM_MODEM_ITERIS\ADC.obj (ADC)
  E:\_KEIL_SOURCE\_GSM_MODEM_ITERIS\atflash.obj (ATFLASH)
  E:\_KEIL_SOURCE\_GSM_MODEM_ITERIS\io.obj (IO)
  E:\_KEIL_SOURCE\_GSM_MODEM_ITERIS\rele.obj (RELE)
  E:\_KEIL_SOURCE\_GSM_MODEM_ITERIS\SENSOR.obj (SENSOR)
  E:\_KEIL_SOURCE\_GSM_MODEM_ITERIS\Siem_sms.obj (SIEM_SMS)
  E:\_KEIL_SOURCE\_GSM_MODEM_ITERIS\config.obj (CONFIG)
  E:\_KEIL_SOURCE\_GSM_MODEM_ITERIS\interrupt.obj (INTERRUPT)
  E:\_KEIL_SOURCE\_GSM_MODEM_ITERIS\rmodem.obj (RMODEM)
  E:\_KEIL_SOURCE\_GSM_MODEM_ITERIS\uart.obj (UART)
  E:\_KEIL_SOURCE\_GSM_MODEM_ITERIS\ds18b20.obj (DS18B20)
  E:\_KEIL_SOURCE\_GSM_MODEM_ITERIS\gprs\setting.obj (SETTING)
  E:\_KEIL_SOURCE\_GSM_MODEM_ITERIS\gprs\gprs.obj (GPRS)
  E:\_KEIL_SOURCE\_GSM_MODEM_ITERIS\gprs\http.obj (HTTP)
  E:\_KEIL_SOURCE\_GSM_MODEM_ITERIS\kod8.obj (KOD8)
  E:\_KEIL_SOURCE\_GSM_MODEM_ITERIS\L51_BANK.obj (?BANK?SWITCHING)
  E:\_KEIL_SOURCE\_GSM_MODEM_ITERIS\STARTUP.obj (?C_STARTUP)
  C:\KEIL\C51\LIB\C51FPS.LIB (?C?FPMUL)
  C:\KEIL\C51\LIB\C51FPS.LIB (?C?FPDIV)
  C:\KEIL\C51\LIB\C51FPS.LIB (?C?FPCMP)
  C:\KEIL\C51\LIB\C51FPS.LIB (?C?FCAST)
  C:\KEIL\C51\LIB\C51FPS.LIB (?C?CASTF)
  C:\KEIL\C51\LIB\C51FPS.LIB (?C?FPGETOPN)
  C:\KEIL\C51\LIB\C51S.LIB (?C_INIT)
  C:\KEIL\C51\LIB\C51S.LIB (?C?COPY)
  C:\KEIL\C51\LIB\C51S.LIB (?C?CLDPTR)
  C:\KEIL\C51\LIB\C51S.LIB (?C?CLDOPTR)
  C:\KEIL\C51\LIB\C51S.LIB (?C?CILDOPTR)
  C:\KEIL\C51\LIB\C51S.LIB (?C?CSTPTR)
  C:\KEIL\C51\LIB\C51S.LIB (?C?CSTOPTR)
  C:\KEIL\C51\LIB\C51S.LIB (?C?IMUL)
  C:\KEIL\C51\LIB\C51S.LIB (?C?UIDIV)
  C:\KEIL\C51\LIB\C51S.LIB (?C?SIDIV)
  C:\KEIL\C51\LIB\C51S.LIB (?C?IILDX)
  C:\KEIL\C51\LIB\C51S.LIB (?C?ILDIX)
  C:\KEIL\C51\LIB\C51S.LIB (?C?LMUL)
  C:\KEIL\C51\LIB\C51S.LIB (?C?ULDIV)
  C:\KEIL\C51\LIB\C51S.LIB (?C?SLDIV)
  C:\KEIL\C51\LIB\C51S.LIB (?C?LNEG)
  C:\KEIL\C51\LIB\C51S.LIB (?C?ULCMP)
  C:\KEIL\C51\LIB\C51S.LIB (?C?LSTXDATA)
  C:\KEIL\C51\LIB\C51S.LIB (?C?LSTKXDATA)
  C:\KEIL\C51\LIB\C51S.LIB (?C?OFFXADD)
BL51 BANKED LINKER/LOCATER V6.22            10/13/2015  11:10:35  PAGE 2


  C:\KEIL\C51\LIB\C51S.LIB (?C?CCASE)
  C:\KEIL\C51\LIB\C51S.LIB (?C?ICASE)
  C:\KEIL\C51\LIB\C51S.LIB (?C?ICALL)
  C:\KEIL\C51\LIB\C51S.LIB (?C?LIMUL)
  C:\KEIL\C51\LIB\C51S.LIB (TOUPPER)
  C:\KEIL\C51\LIB\C51S.LIB (STRCAT)
  C:\KEIL\C51\LIB\C51S.LIB (STRNCAT)
  C:\KEIL\C51\LIB\C51S.LIB (STRNCMP)
  C:\KEIL\C51\LIB\C51S.LIB (?C?STRCPY)
  C:\KEIL\C51\LIB\C51S.LIB (STRLEN)
  C:\KEIL\C51\LIB\C51S.LIB (STRCHR)
  C:\KEIL\C51\LIB\C51S.LIB (ATOI)
  C:\KEIL\C51\LIB\C51S.LIB (?C?MEMSET)
  C:\KEIL\C51\LIB\C51S.LIB (ISDIGIT)
  C:\KEIL\C51\LIB\C51S.LIB (ISSPACE)


LINK MAP OF MODULE:  E:\_KEIL_SOURCE\_GSM_MODEM_ITERIS\k8tse (MAIN)


            TYPE    BASE      LENGTH    RELOCATION   SEGMENT NAME
            -----------------------------------------------------

            * * * * * * *   D A T A   M E M O R Y   * * * * * * *
            REG     0000H     0008H     ABSOLUTE     "REG BANK 0"
            REG     0008H     0008H     ABSOLUTE     "REG BANK 1"
            REG     0010H     0008H     ABSOLUTE     "REG BANK 2"
            REG     0018H     0008H     ABSOLUTE     "REG BANK 3"
            DATA    0020H     0001H     BIT_ADDR     ?BA?DS18B20
            BIT     0021H.0   0001H.7   UNIT         ?BI?MAIN
            BIT     0022H.7   0001H.5   UNIT         ?BI?SIEM_SMS
            BIT     0024H.4   0001H.2   UNIT         ?BI?DS18B20
            BIT     0025H.6   0000H.6   UNIT         ?BI?IO
            BIT     0026H.4   0000H.3   UNIT         _BIT_GROUP_
            BIT     0026H.7   0000H.2   UNIT         ?BI?RMODEM
            BIT     0027H.1   0000H.1   UNIT         ?BI?ADC
            BIT     0027H.2   0000H.1   UNIT         ?BI?SENSOR
            BIT     0027H.3   0000H.1   UNIT         ?BI?INTERRUPT
            BIT     0027H.4   0000H.1   UNIT         ?BI?UART
            BIT     0027H.5   0000H.1   UNIT         ?BI?KOD8
                    0027H.6   0000H.2                *** GAP ***
            DATA    0028H     0013H     UNIT         _DATA_GROUP_
            DATA    003BH     000EH     UNIT         ?DT?MAIN
            DATA    0049H     0005H     UNIT         ?DT?ATFLASH
            DATA    004EH     0004H     UNIT         ?DT?IO
            DATA    0052H     0004H     UNIT         ?DT?SENSOR
            DATA    0056H     0004H     UNIT         ?DT?KOD8
            DATA    005AH     0002H     UNIT         ?DT?RMODEM
            DATA    005CH     0001H     UNIT         ?DT?RELE
            DATA    005DH     0001H     UNIT         ?DT?DS18B20
            DATA    005EH     0001H     UNIT         ?DT?GPRS
            DATA    005FH     0001H     UNIT         ?BANK?DATA
            IDATA   0060H     0001H     UNIT         ?STACK

            * * * * * * *  X D A T A   M E M O R Y  * * * * * * *
            XDATA   0000H     09E7H     UNIT         ?XD?MAIN
            XDATA   09E7H     05B7H     UNIT         ?XD?UART
            XDATA   0F9EH     0412H     UNIT         ?XD?SIEM_SMS
            XDATA   13B0H     031CH     UNIT         ?XD?KOD8
            XDATA   16CCH     0282H     UNIT         ?XD?HTTP
            XDATA   194EH     01C6H     UNIT         ?XD?GPRS
            XDATA   1B14H     00B0H     UNIT         ?XD?IO
            XDATA   1BC4H     00A6H     UNIT         _XDATA_GROUP_
            XDATA   1C6AH     0048H     UNIT         ?XD?RELE
            XDATA   1CB2H     0033H     UNIT         ?XD?SENSOR
BL51 BANKED LINKER/LOCATER V6.22            10/13/2015  11:10:35  PAGE 3


            XDATA   1CE5H     0029H     UNIT         ?XD?RMODEM
            XDATA   1D0EH     0017H     UNIT         ?XD?ADC
            XDATA   1D25H     0012H     UNIT         ?XD?DS18B20
            XDATA   1D37H     000BH     UNIT         ?XD?ATFLASH
            XDATA   1D42H     0005H     UNIT         ?XD?INTERRUPT

            * * * * * * *   C O D E   M E M O R Y   * * * * * * *
            CODE    0000H     0003H     ABSOLUTE     
                    0003H     0010H                  *** GAP ***
            CODE    0013H     0003H     ABSOLUTE     
                    0016H     000DH                  *** GAP ***
            CODE    0023H     0003H     ABSOLUTE     
                    0026H     0005H                  *** GAP ***
            CODE    002BH     0003H     ABSOLUTE     
                    002EH     0005H                  *** GAP ***
            CODE    0033H     0003H     ABSOLUTE     
                    0036H     003DH                  *** GAP ***
            CODE    0073H     0003H     ABSOLUTE     
                    0076H     002DH                  *** GAP ***
            CODE    00A3H     0003H     ABSOLUTE     
                    00A6H     1F6CH                  *** GAP ***
            CODE    2012H     0008H     ABSOLUTE     
            CODE    201AH     0040H     ABSOLUTE     
                    205AH     0054H                  *** GAP ***
            CODE    20AEH     0010H     ABSOLUTE     
            CODE    20BEH     0010H     ABSOLUTE     
            CODE    20CEH     0004H     ABSOLUTE     
                    20D2H     0004H                  *** GAP ***
            CODE    20D6H     0002H     ABSOLUTE     
            CODE    20D8H     0001H     ABSOLUTE     
            CODE    20D9H     0001H     ABSOLUTE     
            CODE    20DAH     0002H     ABSOLUTE     
                    20DCH     0724H                  *** GAP ***
            CODE    2800H     0A21H     UNIT         ?PR?MAIN?MAIN
            CODE    3221H     08D8H     UNIT         ?C_INITSEG
            CODE    3AF9H     086AH     UNIT         ?C?LIB_CODE
            CODE    4363H     080FH     UNIT         ?PR?AUTOMAT_REQUEST?MAIN
            CODE    4B72H     055BH     UNIT         ?PR?MAIN
            CODE    50CDH     03B4H     UNIT         ?PR?OPENDEVICEPROFILE?MAI
>> N
            CODE    5481H     0314H     UNIT         ?PR?AUTOMAT_ALARM?MAIN
            CODE    5795H     0251H     UNIT         ?CO?SIEM_SMS
            CODE    59E6H     01C4H     UNIT         ?PR?TIMER2INT?INTERRUPT
            CODE    5BAAH     01ADH     UNIT         ?PR?AUTOMAT_SEARCH?MAIN
            CODE    5D57H     019FH     UNIT         ?PR?AUTOMAT__RA?MAIN
            CODE    5EF6H     00E2H     UNIT         ?PR?AUTOMAT_LEDS?MAIN
            CODE    5FD8H     001CH     UNIT         ?PR?_STRCHR?STRCHR
            CODE    5FF4H     000CH     UNIT         ?BANK?SELECT
            CODE    6000H     0153H     PAGE         ?BANK?SWITCH
            CODE    6153H     012FH     UNIT         ?PR?ATFLASHINT?INTERRUPT
            CODE    6282H     00CDH     UNIT         ?PR?GETFDMASK?MAIN
            CODE    634FH     00BEH     UNIT         ?PR?TIMER3_VLAN_ISR?INTER
>> RUPT
            CODE    640DH     00AEH     UNIT         ?PR?_ATOI?ATOI
            CODE    64BBH     00AAH     UNIT         ?PR?UART0_INTR?INTERRUPT
            CODE    6565H     00A8H     UNIT         ?CO?IO
            CODE    660DH     00A8H     UNIT         ?CO?HTTP
            CODE    66B5H     009AH     UNIT         ?PR?UART1_INTR?INTERRUPT
            CODE    674FH     008FH     UNIT         ?C_C51STARTUP
            CODE    67DEH     008DH     UNIT         ?PR?WRITEOUTPUTDATA?MAIN
            CODE    686BH     0089H     UNIT         ?PR?_STRNCAT?STRNCAT
            CODE    68F4H     007BH     UNIT         ?PR?MAX_ISR?INTERRUPT
            CODE    696FH     006FH     UNIT         ?PR?INTERRUPT
            CODE    69DEH     006FH     UNIT         ?PR?_STRNCMP?STRNCMP
            CODE    6A4DH     005EH     UNIT         ?PR?WRITESCRATCHPAD1?MAIN
BL51 BANKED LINKER/LOCATER V6.22            10/13/2015  11:10:35  PAGE 4


>> 
            CODE    6AABH     0058H     UNIT         ?PR?_STRCAT?STRCAT
            CODE    6B03H     0055H     UNIT         ?PR?_WRITEFLASH?MAIN
            CODE    6B58H     004FH     UNIT         ?CO?KOD8
            CODE    6BA7H     0044H     UNIT         ?C?LDIV
            CODE    6BEBH     0041H     UNIT         ?PR?SETRDSEARCHRA?MAIN
            CODE    6C2CH     003DH     UNIT         ?PR?TEST_IN_CS?MAIN
            CODE    6C69H     003CH     UNIT         ?PR?SETRDSEARCH?MAIN
            CODE    6CA5H     0038H     UNIT         ?CO?GPRS
            CODE    6CDDH     0033H     UNIT         ?PR?_READFLASH?MAIN
            CODE    6D10H     0033H     UNIT         ?PR?READSCRATCHPAD1?MAIN
            CODE    6D43H     002EH     UNIT         ?CO?MAIN
            CODE    6D71H     0015H     UNIT         ?PR?_STRLEN?STRLEN
            CODE    6D86H     0014H     UNIT         ?CO?CONFIG
            CODE    6D9AH     0013H     UNIT         ?PR?_ISSPACE?ISSPACE
            CODE    6DADH     0011H     UNIT         ?PR?_TOUPPER?TOUPPER
            CODE    6DBEH     000FH     UNIT         ?PR?_ISDIGIT?ISDIGIT
            CODE    6DCDH     000AH     UNIT         ?PR?RESET_STATE_LOG?MAIN
            CODE    6DD7H     000AH     UNIT         ?PR?CALL_PROGRAM_RESET?MA
>> IN
            CODE    6DE1H     0001H     UNIT         ?PR?INIT_LIMITS_DATA?MAIN
>> 

            * * * * * * *   C O D E   B A N K   1   * * * * * * *
                    0000H     8000H                  *** GAP ***
            BANK1   8000H     082FH     UNIT         ?PR?AUTOMAT_RMODEM?RMODEM
>> 
            BANK1   882FH     0259H     UNIT         ?PR?AUTOMAT_LAN?DS18B20
            BANK1   8A88H     020CH     UNIT         ?PR?AUTOMAT_K8?KOD8
            BANK1   8C94H     01FFH     UNIT         ?PR?MACHINEITERIS?KOD8
            BANK1   8E93H     014BH     UNIT         ?PR?RMODEM
            BANK1   8FDEH     00E2H     UNIT         ?PR?FINISHCONVERTADC?ADC
            BANK1   90C0H     00E1H     UNIT         ?PR?INITAF?ATFLASH
            BANK1   91A1H     00E1H     UNIT         ?PR?_ANALISESTREAM?KOD8
            BANK1   9282H     00BFH     UNIT         ?PR?_CPYITERISDATA?KOD8
            BANK1   9341H     00BCH     UNIT         ?PR?AUTOMAT_VLAN?DS18B20
            BANK1   93FDH     00B5H     UNIT         ?PR?WRITEAF?ATFLASH
            BANK1   94B2H     009CH     UNIT         ?PR?_TRANSMITCOMMAND?KOD8
>> 
            BANK1   954EH     0099H     UNIT         ?PR?_RECEIVESTRITERIS?KOD
>> 8
            BANK1   95E7H     007DH     UNIT         ?PR?SEND_MAX?UART
            BANK1   9664H     0075H     UNIT         ?PR?FREE_OUTPUT_STREAM?RM
>> ODEM
            BANK1   96D9H     006EH     UNIT         ?PR?_GET_SN_SMS?RMODEM
            BANK1   9747H     006AH     UNIT         ?PR?ATFLASH
            BANK1   97B1H     0067H     UNIT         ?PR?KOD8
            BANK1   9818H     0059H     UNIT         ?PR?_RECEIVERITERIS?KOD8
            BANK1   9871H     0047H     UNIT         ?PR?DS18B20
            BANK1   98B8H     0044H     UNIT         ?PR?_CRC_8_LAN?DS18B20
            BANK1   98FCH     0042H     UNIT         ?PR?SEND_CHAR_UART0?UART
            BANK1   993EH     0041H     UNIT         ?PR?_SENDSTRINGUART0?UART
>> 
            BANK1   997FH     0040H     UNIT         ?PR?SEND_CHAR_UART1?UART
            BANK1   99BFH     0040H     UNIT         ?PR?_SENDSTRINGUART1?UART
>> 
            BANK1   99FFH     0040H     UNIT         ?PR?RECEIVE_CHAR_MAX?UART
>> 
            BANK1   9A3FH     003BH     UNIT         ?PR?UART
            BANK1   9A7AH     003AH     UNIT         ?PR?READ_BYTE_UART0_GPRS?
>> UART
            BANK1   9AB4H     0039H     UNIT         ?PR?READ_BYTE_UART0?UART
            BANK1   9AEDH     0035H     UNIT         ?PR?READ_BYTE_UART1?UART
            BANK1   9B22H     0025H     UNIT         ?PR?_INIT_MAX?UART
            BANK1   9B47H     0023H     UNIT         ?PR?CLEARBUF_UART1?UART
BL51 BANKED LINKER/LOCATER V6.22            10/13/2015  11:10:35  PAGE 5


            BANK1   9B6AH     0022H     UNIT         ?PR?CLEARBUF_UART0?UART
            BANK1   9B8CH     0021H     UNIT         ?PR?HOLDSPI_MAX?UART
            BANK1   9BADH     001FH     UNIT         ?PR?READAF?ATFLASH
            BANK1   9BCCH     001EH     UNIT         ?PR?CLEARBUF_MAX?UART
            BANK1   9BEAH     001BH     UNIT         ?PR?ADC
            BANK1   9C05H     001BH     UNIT         ?PR?HOLDSPI_AF?ATFLASH
            BANK1   9C20H     001BH     UNIT         ?PR?FREE_INPUT_STREAM?RMO
>> DEM
            BANK1   9C3BH     001BH     UNIT         ?PR?FAIL_RESET_RMODEM?RMO
>> DEM
            BANK1   9C56H     0014H     UNIT         ?PR?CHECK_GAP_RMODEM?RMOD
>> EM
            BANK1   9C6AH     0012H     UNIT         ?PR?INIT_LAN?DS18B20
            BANK1   9C7CH     0011H     UNIT         ?PR?STARTCONVERTADC?ADC
            BANK1   9C8DH     0011H     UNIT         ?PR?FREESPI_MAX?UART
            BANK1   9C9EH     000CH     UNIT         ?PR?WAITREADYAF?ATFLASH
            BANK1   9CAAH     000AH     UNIT         ?PR?WAITSPI?ATFLASH
            BANK1   9CB4H     0006H     UNIT         ?PR?MAX_TRANSMIT?UART
            BANK1   9CBAH     0006H     UNIT         ?PR?MAX_RECEIVE?UART
            BANK1   9CC0H     0003H     UNIT         ?PR?INIT_UART0?UART
            BANK1   9CC3H     0003H     UNIT         ?PR?INIT_UART1?UART
            BANK1   9CC6H     0003H     UNIT         ?PR?INIT_K8?KOD8

            * * * * * * *   C O D E   B A N K   2   * * * * * * *
                    0000H     8000H                  *** GAP ***
            BANK2   8000H     0EE7H     UNIT         ?PR?AUTOMAT_SMS_PHONE?SIE
>> M_SMS
            BANK2   8EE7H     0B0FH     UNIT         ?PR?ANALISELINE?SIEM_SMS
            BANK2   99F6H     0811H     UNIT         ?PR?AUTOMAT_INITSIM?SIEM_
>> SMS
            BANK2   A207H     065CH     UNIT         ?PR?_TEST_READ_TEXT?IO
            BANK2   A863H     061DH     UNIT         ?PR?_DO_TXTPACK_S?IO
            BANK2   AE80H     0445H     UNIT         ?PR?IO
            BANK2   B2C5H     0410H     UNIT         ?PR?SIEM_SMS
            BANK2   B6D5H     03ECH     UNIT         ?PR?AUTOMAT_SMS?IO
            BANK2   BAC1H     0319H     UNIT         ?PR?_DO_TXTPACK_N?IO
            BANK2   BDDAH     0255H     UNIT         ?PR?_DO_TXTPACK_V?IO
            BANK2   C02FH     022AH     UNIT         ?PR?_DO_TXTPACK_P?IO
            BANK2   C259H     01EAH     UNIT         ?PR?_GET_HTTP_TIME?SIEM_S
>> MS
            BANK2   C443H     01E6H     UNIT         ?PR?_DO_TXTPACK_T?IO
            BANK2   C629H     01D3H     UNIT         ?PR?TEST_READ_DATA?IO
            BANK2   C7FCH     01A7H     UNIT         ?PR?_DATA_DECODE?IO
            BANK2   C9A3H     017BH     UNIT         ?PR?AUTOMAT_PERSIMWORK?SI
>> EM_SMS
            BANK2   CB1EH     0157H     UNIT         ?PR?RECEIVE_SIM?SIEM_SMS
            BANK2   CC75H     0146H     UNIT         ?PR?AUTOMAT_RELE?RELE
            BANK2   CDBBH     0146H     UNIT         ?PR?GETN?SIEM_SMS
            BANK2   CF01H     012AH     UNIT         ?PR?_DO_PACK_TEL_8B_SMS?S
>> IEM_SMS
            BANK2   D02BH     0124H     UNIT         ?PR?COMMAND_E2IPO?SIEM_SM
>> S
            BANK2   D14FH     0120H     UNIT         ?PR?_UPRRELE?RELE
            BANK2   D26FH     011DH     UNIT         ?PR?_TSTPHONENUM?IO
            BANK2   D38CH     0101H     UNIT         ?PR?_DO_PACK030F?IO
            BANK2   D48DH     00F3H     UNIT         ?PR?PARAM_DEFAULT?IO
            BANK2   D580H     00DFH     UNIT         ?PR?RESTARTTOLOADER?SIEM_
>> SMS
            BANK2   D65FH     00D7H     UNIT         ?PR?_WRITE_TEL_TO_PHONE?S
>> IEM_SMS
            BANK2   D736H     00D4H     UNIT         ?PR?RELE
            BANK2   D80AH     00C7H     UNIT         ?PR?_AUTOMAT_SENSOR_N?SEN
>> SOR
            BANK2   D8D1H     00BAH     UNIT         ?PR?_GETTEL_ASCII_TO_SO?S
>> IEM_SMS
BL51 BANKED LINKER/LOCATER V6.22            10/13/2015  11:10:35  PAGE 6


            BANK2   D98BH     00B9H     UNIT         ?PR?_GETTEL_ATSO_TO_SO?SI
>> EM_SMS
            BANK2   DA44H     00B2H     UNIT         ?PR?_HEX_TO_DECASCII_5?IO
>> 
            BANK2   DAF6H     00AEH     UNIT         ?PR?COMMAND_ENAD1?SIEM_SM
>> S
            BANK2   DBA4H     00A7H     UNIT         ?PR?FILL_BUF_AUTO?IO
            BANK2   DC4BH     00A4H     UNIT         ?PR?TEST_READ_MES?IO
            BANK2   DCEFH     00A2H     UNIT         ?PR?_FULL_BUF_NUM_TEL2?SI
>> EM_SMS
            BANK2   DD91H     0093H     UNIT         ?PR?_GET_NPACK_INC?IO
            BANK2   DE24H     0088H     UNIT         ?PR?_NPACKINC?IO
            BANK2   DEACH     0086H     UNIT         ?PR?ANALISE_TEL_NUM?SIEM_
>> SMS
            BANK2   DF32H     0075H     UNIT         ?PR?GETSTATE?IO
            BANK2   DFA7H     0074H     UNIT         ?PR?INIT_SMS_PHONE?SIEM_S
>> MS
            BANK2   E01BH     0072H     UNIT         ?PR?_COMP_TELNUM?SIEM_SMS
>> 
            BANK2   E08DH     006FH     UNIT         ?PR?_GETTEL_SO_TO_ASCII?S
>> IEM_SMS
            BANK2   E0FCH     006AH     UNIT         ?PR?_FULL_BUF_NUM_TEL?SIE
>> M_SMS
            BANK2   E166H     0064H     UNIT         ?PR?SENSOR
            BANK2   E1CAH     0059H     UNIT         ?PR?INITIALIZE_SENSOR?SEN
>> SOR
            BANK2   E223H     0058H     UNIT         ?PR?_TEST_TEL_TO_PHONE?IO
>> 
            BANK2   E27BH     0057H     UNIT         ?PR?COMMAND_CGDCONT?SIEM_
>> SMS
            BANK2   E2D2H     0055H     UNIT         ?PR?AUTOMAT_IO?IO
            BANK2   E327H     0055H     UNIT         ?PR?_SENSACTION?SENSOR
            BANK2   E37CH     0054H     UNIT         ?PR?_COMMAND_READ_TELDC_S
>> IM?SIEM_SMS
            BANK2   E3D0H     0051H     UNIT         ?PR?_GET_BYTE_FR_ASCII?SI
>> EM_SMS
            BANK2   E421H     0049H     UNIT         ?PR?_COMMAND_DEL_SMS?SIEM
>> _SMS
            BANK2   E46AH     0041H     UNIT         ?PR?FILL_BUF_OLD?IO
            BANK2   E4ABH     0041H     UNIT         ?PR?BREAK_GSM_REQ?IO
            BANK2   E4ECH     003EH     UNIT         ?PR?_GET_NUM_SMS_FR_ASCII
>> ?SIEM_SMS
            BANK2   E52AH     0039H     UNIT         ?PR?_SETBIT?SENSOR
            BANK2   E563H     0039H     UNIT         ?PR?_HEXASCII_TO_HEX?SIEM
>> _SMS
            BANK2   E59CH     0037H     UNIT         ?PR?GET_QUALITY_SIGNAL?SI
>> EM_SMS
            BANK2   E5D3H     0036H     UNIT         ?PR?_SENSFRONTTEST?SENSOR
>> 
            BANK2   E609H     0034H     UNIT         ?PR?INITIALIZE_RELE?RELE
            BANK2   E63DH     0033H     UNIT         ?PR?_DO_PACK53?IO
            BANK2   E670H     0030H     UNIT         ?PR?_HEX_TO_HEXASCII_HI?S
>> IEM_SMS
            BANK2   E6A0H     002FH     UNIT         ?PR?_SEND_MODEM?SIEM_SMS
            BANK2   E6CFH     002DH     UNIT         ?PR?_HEX_TO_HEXASCII_LO?S
>> IEM_SMS
            BANK2   E6FCH     002CH     UNIT         ?PR?_SETSOB?SENSOR
            BANK2   E728H     002CH     UNIT         ?PR?RESTART_PHONE?SIEM_SM
>> S
            BANK2   E754H     0027H     UNIT         ?PR?_SEND_STR_SIM?SIEM_SM
>> S
            BANK2   E77BH     0022H     UNIT         ?PR?SAVETOFLASH?RELE
            BANK2   E79DH     0021H     UNIT         ?PR?COMMAND_CPBS_SM?SIEM_
>> SMS
            BANK2   E7BEH     0021H     UNIT         ?PR?COMMAND_CPMS_SM?SIEM_
BL51 BANKED LINKER/LOCATER V6.22            10/13/2015  11:10:35  PAGE 7


>> SMS
            BANK2   E7DFH     0021H     UNIT         ?PR?COMMAND_ATS10?SIEM_SM
>> S
            BANK2   E800H     0021H     UNIT         ?PR?COMMAND_ATS7?SIEM_SMS
>> 
            BANK2   E821H     0021H     UNIT         ?PR?COMMAND_CNMI?SIEM_SMS
>> 
            BANK2   E842H     0021H     UNIT         ?PR?COMMAND_CBST?SIEM_SMS
>> 
            BANK2   E863H     0021H     UNIT         ?PR?COMMAND_READ_TELSC_SI
>> M?SIEM_SMS
            BANK2   E884H     0021H     UNIT         ?PR?COMMAND_GET_QUALITY_S
>> IGNAL?SIEM_SMS
            BANK2   E8A5H     0021H     UNIT         ?PR?COMMAND_TEST_NETWORK?
>> SIEM_SMS
            BANK2   E8C6H     0021H     UNIT         ?PR?COMMAND_NETWORK_REGIS
>> TRATION?SIEM_SMS
            BANK2   E8E7H     0021H     UNIT         ?PR?COMMAND_GET_READ_SMS?
>> SIEM_SMS
            BANK2   E908H     0021H     UNIT         ?PR?COMMAND_ATAD1?SIEM_SM
>> S
            BANK2   E929H     0021H     UNIT         ?PR?COMMAND_ATAS1?SIEM_SM
>> S
            BANK2   E94AH     0021H     UNIT         ?PR?COMMAND_3P?SIEM_SMS
            BANK2   E96BH     0021H     UNIT         ?PR?COMMAND_ATH?SIEM_SMS
            BANK2   E98CH     0021H     UNIT         ?PR?COMMAND_CHLD_1?SIEM_S
>> MS
            BANK2   E9ADH     0021H     UNIT         ?PR?COMMAND_ATO?SIEM_SMS
            BANK2   E9CEH     0021H     UNIT         ?PR?COMMAND_ATA?SIEM_SMS
            BANK2   E9EFH     0021H     UNIT         ?PR?COMMAND_IDSIM?SIEM_SM
>> S
            BANK2   EA10H     0021H     UNIT         ?PR?COMMAND_E2SMSRI?SIEM_
>> SMS
            BANK2   EA31H     0021H     UNIT         ?PR?COMMAND_E2IPS?SIEM_SM
>> S
            BANK2   EA52H     0021H     UNIT         ?PR?COMMAND_CRC?SIEM_SMS
            BANK2   EA73H     0021H     UNIT         ?PR?COMMAND_CLIP?SIEM_SMS
>> 
            BANK2   EA94H     0021H     UNIT         ?PR?COMMAND_CGCEREP?SIEM_
>> SMS
            BANK2   EAB5H     0021H     UNIT         ?PR?COMMAND_E2IPA?SIEM_SM
>> S
            BANK2   EAD6H     0021H     UNIT         ?PR?COMMAND_CGSMS?SIEM_SM
>> S
            BANK2   EAF7H     001FH     UNIT         ?PR?DELETE_SMS?SIEM_SMS
            BANK2   EB16H     001EH     UNIT         ?PR?AUTOMAT_SENSOR?SENSOR
>> 
            BANK2   EB34H     001CH     UNIT         ?PR?_READ_PORT_SENSOR?SEN
>> SOR
            BANK2   EB50H     001BH     UNIT         ?PR?_RESET_SENSOR?SENSOR
            BANK2   EB6BH     0017H     UNIT         ?PR?RESETSTATE?IO
            BANK2   EB82H     0017H     UNIT         ?PR?READ_NEW_SMS?SIEM_SMS
>> 
            BANK2   EB99H     0016H     UNIT         ?PR?IS_NEW_SMS?SIEM_SMS
            BANK2   EBAFH     0015H     UNIT         ?PR?_ISSENSCHANGE?SENSOR
            BANK2   EBC4H     0011H     UNIT         ?PR?INIT_IO?IO
            BANK2   EBD5H     0011H     UNIT         ?PR?_ASKBIT?SENSOR
            BANK2   EBE6H     000FH     UNIT         ?PR?_SEND_SMS?SIEM_SMS
            BANK2   EBF5H     000DH     UNIT         ?PR?READ_PORT_SENSOR_CUR?
>> SENSOR
            BANK2   EC02H     0007H     UNIT         ?PR?GET_SOST_RELE?RELE
            BANK2   EC09H     0006H     UNIT         ?PR?IS_SMS_SEND_OUT?SIEM_
>> SMS
            BANK2   EC0FH     0003H     UNIT         ?PR?IS_NEW_SMS_8BIT?SIEM_
>> SMS
BL51 BANKED LINKER/LOCATER V6.22            10/13/2015  11:10:35  PAGE 8


            BANK2   EC12H     0003H     UNIT         ?PR?ISNONDELETE_SMS?SIEM_
>> SMS

            * * * * * * *   C O D E   B A N K   3   * * * * * * *
                    0000H     8000H                  *** GAP ***
            BANK3   8000H     02C7H     UNIT         ?PR?AUTOMAT_GPRS_GLOB?GPR
>> S
            BANK3   82C7H     02A6H     UNIT         ?PR?AUTOMAT_GPRS_IN?GPRS
            BANK3   856DH     0184H     UNIT         ?PR?_FORMINGHTTPCONTENT?H
>> TTP
            BANK3   86F1H     016DH     UNIT         ?PR?FORMINGHTTPHEADERS?HT
>> TP
            BANK3   885EH     015FH     UNIT         ?PR?AUTOMAT_HTTP?HTTP
            BANK3   89BDH     0113H     UNIT         ?PR?CONFIG?CONFIG
            BANK3   8AD0H     0097H     UNIT         ?PR?HTTP
            BANK3   8B67H     008EH     UNIT         ?PR?IOSTREAMCONF?HTTP
            BANK3   8BF5H     005FH     UNIT         ?PR?GPRS
            BANK3   8C54H     0040H     UNIT         ?PR?SETOSCSLOWMODE?CONFIG
>> 
            BANK3   8C94H     003AH     UNIT         ?PR?CONFIGOSC?CONFIG
            BANK3   8CCEH     0038H     UNIT         ?PR?AUTOMAT_GPRS_OUT?GPRS
>> 
            BANK3   8D06H     002EH     UNIT         ?PR?_SET_COM_SPEED?CONFIG
>> 
            BANK3   8D34H     0028H     UNIT         ?PR?_SEND_C_OUT_MAX?GPRS
            BANK3   8D5CH     000BH     UNIT         ?PR?DEBUG_GPRS_INIT?GPRS



OVERLAY MAP OF MODULE:   E:\_KEIL_SOURCE\_GSM_MODEM_ITERIS\k8tse (MAIN)


SEGMENT                                             BIT_GROUP          DATA_GR
>> OUP          XDATA_GROUP
  +--> CALLED SEGMENT                            START    LENGTH     START    
>> LENGTH     START    LENGTH
------------------------------------------------------------------------------
>> --------------------------
?PR?UART0_INTR?INTERRUPT                         -----    -----      -----    
>> -----      -----    -----
  +--> ?PR?INTERRUPT

*** NEW ROOT ***************************************************

?PR?UART1_INTR?INTERRUPT                         -----    -----      -----    
>> -----      -----    -----
  +--> ?PR?INTERRUPT

*** NEW ROOT ***************************************************

?PR?MAX_ISR?INTERRUPT                            0026H.4  0000H.1    -----    
>> -----      -----    -----

*** NEW ROOT ***************************************************

?PR?TIMER2INT?INTERRUPT                          -----    -----      -----    
>> -----      -----    -----
  +--> ?PR?INTERRUPT
  +--> ?CO?MAIN

*** NEW ROOT ***************************************************

?PR?ATFLASHINT?INTERRUPT                         -----    -----      -----    
>> -----      -----    -----
  +--> ?PR?INTERRUPT
BL51 BANKED LINKER/LOCATER V6.22            10/13/2015  11:10:35  PAGE 9



*** NEW ROOT ***************************************************

?PR?TIMER3_VLAN_ISR?INTERRUPT                    -----    -----      -----    
>> -----      -----    -----
  +--> ?PR?INTERRUPT

*** NEW ROOT ***************************************************

?C_C51STARTUP                                    -----    -----      -----    
>> -----      -----    -----
  +--> ?PR?MAIN?MAIN
  +--> ?C_INITSEG

?PR?MAIN?MAIN                                    -----    -----      -----    
>> -----      -----    -----
  +--> ?PR?CONFIG?CONFIG
  +--> ?PR?INIT_UART0?UART
  +--> ?PR?INIT_UART1?UART
  +--> ?PR?INIT_K8?KOD8
  +--> ?PR?OPENDEVICEPROFILE?MAIN
  +--> ?PR?INIT_IO?IO
  +--> ?PR?INITIALIZE_SENSOR?SENSOR
  +--> ?PR?INITIALIZE_RELE?RELE
  +--> ?PR?INITAF?ATFLASH
  +--> ?PR?INIT_LAN?DS18B20
  +--> ?PR?DEBUG_GPRS_INIT?GPRS
  +--> ?PR?READSCRATCHPAD1?MAIN
  +--> ?PR?MAIN
  +--> ?PR?WRITESCRATCHPAD1?MAIN
  +--> ?PR?GET_QUALITY_SIGNAL?SIEM_SMS
  +--> ?PR?SEND_MAX?UART
  +--> ?PR?STARTCONVERTADC?ADC
  +--> ?PR?FINISHCONVERTADC?ADC
  +--> ?PR?AUTOMAT_VLAN?DS18B20
  +--> ?PR?AUTOMAT_LAN?DS18B20
  +--> ?PR?AUTOMAT_SENSOR?SENSOR
  +--> ?PR?AUTOMAT_RELE?RELE
  +--> ?PR?AUTOMAT_GPRS_GLOB?GPRS
  +--> ?PR?AUTOMAT_K8?KOD8
  +--> ?PR?AUTOMAT_LEDS?MAIN
  +--> ?PR?GET_SOST_RELE?RELE
  +--> ?PR?WRITEAF?ATFLASH
  +--> ?PR?RESET_STATE_LOG?MAIN
  +--> ?PR?AUTOMAT_SEARCH?MAIN
  +--> ?PR?AUTOMAT_REQUEST?MAIN
  +--> ?PR?AUTOMAT_ALARM?MAIN
  +--> ?PR?AUTOMAT_IO?IO
  +--> ?PR?AUTOMAT_RMODEM?RMODEM

?PR?CONFIG?CONFIG                                -----    -----      -----    
>> -----      -----    -----
  +--> ?PR?CONFIGOSC?CONFIG

?PR?OPENDEVICEPROFILE?MAIN                       0026H.5  0000H.1    0028H    
>> 0002H      1BC4H    0004H
  +--> ?PR?MAIN
  +--> ?PR?INIT_LIMITS_DATA?MAIN
  +--> ?PR?_READFLASH?MAIN
  +--> ?PR?PARAM_DEFAULT?IO
  +--> ?PR?AUTOMAT_VLAN?DS18B20
  +--> ?PR?AUTOMAT_LAN?DS18B20
  +--> ?PR?_CRC_8_LAN?DS18B20
  +--> ?PR?_WRITEFLASH?MAIN

BL51 BANKED LINKER/LOCATER V6.22            10/13/2015  11:10:35  PAGE 10


?PR?MAIN                                         -----    -----      -----    
>> -----      -----    -----
  +--> ?PR?READSCRATCHPAD1?MAIN
  +--> ?PR?WRITESCRATCHPAD1?MAIN

?PR?WRITESCRATCHPAD1?MAIN                        -----    -----      -----    
>> -----      -----    -----
  +--> ?PR?READSCRATCHPAD1?MAIN

?PR?_READFLASH?MAIN                              -----    -----      0030H    
>> 0002H      -----    -----
  +--> ?PR?MAIN

?PR?PARAM_DEFAULT?IO                             0026H.6  0000H.1    002EH    
>> 0002H      1C66H    0004H
  +--> ?PR?IO
  +--> ?PR?_READFLASH?MAIN
  +--> ?CO?IO
  +--> ?PR?_WRITEFLASH?MAIN

?PR?IO                                           -----    -----      -----    
>> -----      -----    -----
  +--> ?CO?IO
  +--> ?PR?RESETSTATE?IO

?PR?_WRITEFLASH?MAIN                             -----    -----      0030H    
>> 0004H      -----    -----
  +--> ?PR?MAIN

?PR?AUTOMAT_VLAN?DS18B20                         -----    -----      -----    
>> -----      -----    -----
  +--> ?PR?DS18B20

?PR?AUTOMAT_LAN?DS18B20                          -----    -----      -----    
>> -----      -----    -----
  +--> ?PR?DS18B20
  +--> ?PR?_CRC_8_LAN?DS18B20

?PR?INIT_IO?IO                                   -----    -----      -----    
>> -----      -----    -----
  +--> ?PR?INIT_SMS_PHONE?SIEM_SMS

?PR?INIT_SMS_PHONE?SIEM_SMS                      -----    -----      -----    
>> -----      1BC4H    0002H
  +--> ?PR?SIEM_SMS
  +--> ?PR?READSCRATCHPAD1?MAIN

?PR?SIEM_SMS                                     -----    -----      -----    
>> -----      -----    -----
  +--> ?PR?_HEXASCII_TO_HEX?SIEM_SMS

?PR?INITIALIZE_SENSOR?SENSOR                     -----    -----      -----    
>> -----      -----    -----
  +--> ?PR?READ_PORT_SENSOR_CUR?SENSOR
  +--> ?PR?_READ_PORT_SENSOR?SENSOR
  +--> ?PR?SENSOR

?PR?_READ_PORT_SENSOR?SENSOR                     -----    -----      -----    
>> -----      -----    -----
  +--> ?PR?SENSOR

?PR?INITIALIZE_RELE?RELE                         -----    -----      -----    
>> -----      -----    -----
  +--> ?PR?READSCRATCHPAD1?MAIN

BL51 BANKED LINKER/LOCATER V6.22            10/13/2015  11:10:35  PAGE 11


?PR?INITAF?ATFLASH                               -----    -----      -----    
>> -----      -----    -----
  +--> ?PR?READAF?ATFLASH
  +--> ?PR?ATFLASH
  +--> ?PR?HOLDSPI_AF?ATFLASH
  +--> ?PR?WAITREADYAF?ATFLASH

?PR?READAF?ATFLASH                               -----    -----      -----    
>> -----      -----    -----
  +--> ?PR?ATFLASH
  +--> ?PR?WAITREADYAF?ATFLASH
  +--> ?PR?WAITSPI?ATFLASH

?PR?WAITREADYAF?ATFLASH                          -----    -----      -----    
>> -----      -----    -----
  +--> ?PR?HOLDSPI_AF?ATFLASH

?PR?INIT_LAN?DS18B20                             -----    -----      -----    
>> -----      -----    -----
  +--> ?PR?DS18B20

?PR?DEBUG_GPRS_INIT?GPRS                         -----    -----      -----    
>> -----      -----    -----
  +--> ?PR?_INIT_MAX?UART

?PR?_INIT_MAX?UART                               -----    -----      -----    
>> -----      -----    -----
  +--> ?PR?HOLDSPI_MAX?UART
  +--> ?PR?FREESPI_MAX?UART

?PR?SEND_MAX?UART                                -----    -----      -----    
>> -----      -----    -----
  +--> ?PR?HOLDSPI_MAX?UART
  +--> ?PR?FREESPI_MAX?UART

?PR?FINISHCONVERTADC?ADC                         -----    -----      0028H    
>> 0001H      -----    -----
  +--> ?PR?ADC

?PR?AUTOMAT_SENSOR?SENSOR                        -----    -----      -----    
>> -----      -----    -----
  +--> ?PR?_AUTOMAT_SENSOR_N?SENSOR

?PR?_AUTOMAT_SENSOR_N?SENSOR                     -----    -----      0028H    
>> 0001H      -----    -----
  +--> ?PR?SENSOR
  +--> ?PR?_ISSENSCHANGE?SENSOR
  +--> ?PR?_SENSFRONTTEST?SENSOR
  +--> ?PR?_SENSACTION?SENSOR
  +--> ?PR?_RESET_SENSOR?SENSOR

?PR?_ISSENSCHANGE?SENSOR                         -----    -----      -----    
>> -----      -----    -----
  +--> ?PR?_READ_PORT_SENSOR?SENSOR
  +--> ?PR?SENSOR

?PR?_SENSFRONTTEST?SENSOR                        -----    -----      -----    
>> -----      -----    -----
  +--> ?PR?SENSOR

?PR?_SENSACTION?SENSOR                           -----    -----      0029H    
>> 0001H      -----    -----
  +--> ?PR?_ASKBIT?SENSOR
  +--> ?PR?SENSOR
  +--> ?PR?_SETBIT?SENSOR
BL51 BANKED LINKER/LOCATER V6.22            10/13/2015  11:10:35  PAGE 12


  +--> ?PR?_SENSFRONTTEST?SENSOR
  +--> ?PR?_SETSOB?SENSOR

?PR?_SETBIT?SENSOR                               0026H.5  0000H.1    002AH    
>> 0003H      -----    -----

?PR?_RESET_SENSOR?SENSOR                         -----    -----      -----    
>> -----      -----    -----
  +--> ?PR?SENSOR

?PR?AUTOMAT_RELE?RELE                            -----    -----      -----    
>> -----      1BC4H    0001H
  +--> ?PR?RELE
  +--> ?PR?SAVETOFLASH?RELE

?PR?SAVETOFLASH?RELE                             -----    -----      -----    
>> -----      -----    -----
  +--> ?PR?READSCRATCHPAD1?MAIN
  +--> ?PR?WRITESCRATCHPAD1?MAIN

?PR?AUTOMAT_GPRS_GLOB?GPRS                       -----    -----      0028H    
>> 0001H      -----    -----
  +--> ?PR?_SEND_C_OUT_MAX?GPRS
  +--> ?PR?GPRS
  +--> ?PR?_NPACKINC?IO
  +--> ?PR?_GET_NPACK_INC?IO
  +--> ?PR?AUTOMAT_GPRS_IN?GPRS
  +--> ?PR?AUTOMAT_GPRS_OUT?GPRS
  +--> ?PR?AUTOMAT_HTTP?HTTP
  +--> ?PR?CLEARBUF_UART0?UART

?PR?_SEND_C_OUT_MAX?GPRS                         -----    -----      0029H    
>> 0001H      -----    -----
  +--> ?PR?SEND_MAX?UART

?PR?AUTOMAT_GPRS_IN?GPRS                         -----    -----      -----    
>> -----      -----    -----
  +--> ?PR?READ_BYTE_UART0_GPRS?UART
  +--> ?CO?GPRS
  +--> ?PR?GPRS
  +--> ?PR?_ATOI?ATOI
  +--> ?PR?_GET_HTTP_TIME?SIEM_SMS
  +--> ?PR?_STRNCMP?STRNCMP
  +--> ?PR?CLEARBUF_UART0?UART

?PR?READ_BYTE_UART0_GPRS?UART                    -----    -----      -----    
>> -----      -----    -----
  +--> ?PR?UART

?PR?_ATOI?ATOI                                   0026H.5  0000H.1    002EH    
>> 0005H      -----    -----
  +--> ?PR?_ISSPACE?ISSPACE
  +--> ?PR?_ISDIGIT?ISDIGIT

?PR?_GET_HTTP_TIME?SIEM_SMS                      -----    -----      0029H    
>> 0002H      1BC4H    000BH
  +--> ?PR?_ATOI?ATOI
  +--> ?CO?SIEM_SMS
  +--> ?PR?_STRNCMP?STRNCMP
  +--> ?PR?GETN?SIEM_SMS
  +--> ?PR?SIEM_SMS

?PR?_STRNCMP?STRNCMP                             -----    -----      002FH    
>> 0008H      -----    -----

BL51 BANKED LINKER/LOCATER V6.22            10/13/2015  11:10:35  PAGE 13


?PR?GETN?SIEM_SMS                                -----    -----      -----    
>> -----      1BCFH    001CH
  +--> ?PR?SIEM_SMS

?PR?AUTOMAT_GPRS_OUT?GPRS                        -----    -----      -----    
>> -----      -----    -----
  +--> ?PR?_SENDSTRINGUART0?UART
  +--> ?PR?GPRS

?PR?_SENDSTRINGUART0?UART                        -----    -----      0029H    
>> 0007H      -----    -----
  +--> ?PR?_STRLEN?STRLEN
  +--> ?PR?SEND_CHAR_UART0?UART

?PR?SEND_CHAR_UART0?UART                         -----    -----      -----    
>> -----      -----    -----
  +--> ?PR?UART

?PR?AUTOMAT_HTTP?HTTP                            -----    -----      -----    
>> -----      -----    -----
  +--> ?PR?FORMINGHTTPHEADERS?HTTP
  +--> ?PR?HTTP
  +--> ?PR?_SEND_C_OUT_MAX?GPRS
  +--> ?PR?_FORMINGHTTPCONTENT?HTTP
  +--> ?PR?IOSTREAMCONF?HTTP

?PR?FORMINGHTTPHEADERS?HTTP                      0026H.5  0000H.1    0029H    
>> 0002H      1BC4H    0006H
  +--> ?PR?HTTP
  +--> ?PR?_FORMINGHTTPCONTENT?HTTP
  +--> ?PR?_HEX_TO_DECASCII_5?IO

?PR?HTTP                                         -----    -----      -----    
>> -----      -----    -----
  +--> ?CO?HTTP

?PR?_FORMINGHTTPCONTENT?HTTP                     -----    -----      002BH    
>> 0003H      1BCAH    001BH
  +--> ?CO?HTTP
  +--> ?PR?_STRNCAT?STRNCAT
  +--> ?PR?_CPYITERISDATA?KOD8
  +--> ?PR?_STRCAT?STRCAT
  +--> ?PR?_HEX_TO_DECASCII_5?IO
  +--> ?PR?_STRLEN?STRLEN

?PR?_STRNCAT?STRNCAT                             -----    -----      0031H    
>> 000AH      -----    -----

?PR?_CPYITERISDATA?KOD8                          -----    -----      002EH    
>> 0003H      1BE5H    0009H
  +--> ?PR?KOD8
  +--> ?PR?_STRCHR?STRCHR
  +--> ?CO?KOD8
  +--> ?PR?_STRCAT?STRCAT
  +--> ?PR?_STRNCAT?STRNCAT

?PR?_STRCAT?STRCAT                               -----    -----      0031H    
>> 0009H      -----    -----

?PR?_HEX_TO_DECASCII_5?IO                        -----    -----      002EH    
>> 0005H      1BE5H    0004H
  +--> ?PR?IO

?PR?AUTOMAT_K8?KOD8                              -----    -----      0028H    
>> 0001H      1BC4H    0001H
BL51 BANKED LINKER/LOCATER V6.22            10/13/2015  11:10:35  PAGE 14


  +--> ?PR?SEND_CHAR_UART0?UART
  +--> ?PR?CLEARBUF_UART0?UART
  +--> ?PR?CLEARBUF_UART1?UART
  +--> ?PR?MACHINEITERIS?KOD8
  +--> ?PR?READ_BYTE_UART0?UART
  +--> ?CO?KOD8
  +--> ?PR?KOD8
  +--> ?PR?SEND_CHAR_UART1?UART
  +--> ?PR?READ_BYTE_UART1?UART

?PR?MACHINEITERIS?KOD8                           -----    -----      0029H    
>> 0001H      1BC5H    0003H
  +--> ?PR?READ_BYTE_UART1?UART
  +--> ?PR?_RECEIVESTRITERIS?KOD8
  +--> ?PR?KOD8
  +--> ?PR?_ANALISESTREAM?KOD8
  +--> ?CO?KOD8
  +--> ?PR?_RECEIVERITERIS?KOD8
  +--> ?PR?_STRLEN?STRLEN
  +--> ?PR?_TRANSMITCOMMAND?KOD8

?PR?_RECEIVESTRITERIS?KOD8                       -----    -----      -----    
>> -----      -----    -----
  +--> ?PR?KOD8

?PR?_ANALISESTREAM?KOD8                          -----    -----      002AH    
>> 0005H      -----    -----
  +--> ?CO?KOD8
  +--> ?PR?_STRNCMP?STRNCMP
  +--> ?PR?KOD8
  +--> ?PR?_STRLEN?STRLEN

?PR?_RECEIVERITERIS?KOD8                         -----    -----      -----    
>> -----      -----    -----
  +--> ?PR?KOD8

?PR?_TRANSMITCOMMAND?KOD8                        -----    -----      002AH    
>> 0007H      -----    -----
  +--> ?PR?KOD8
  +--> ?PR?CLEARBUF_UART1?UART
  +--> ?CO?KOD8
  +--> ?PR?_SENDSTRINGUART1?UART

?PR?_SENDSTRINGUART1?UART                        -----    -----      0031H    
>> 0005H      -----    -----
  +--> ?PR?_STRLEN?STRLEN
  +--> ?PR?SEND_CHAR_UART1?UART

?PR?SEND_CHAR_UART1?UART                         -----    -----      -----    
>> -----      -----    -----
  +--> ?PR?UART

?PR?READ_BYTE_UART0?UART                         -----    -----      -----    
>> -----      -----    -----
  +--> ?PR?UART

?PR?AUTOMAT_LEDS?MAIN                            -----    -----      -----    
>> -----      -----    -----
  +--> ?PR?MAIN

?PR?WRITEAF?ATFLASH                              -----    -----      -----    
>> -----      -----    -----
  +--> ?PR?WAITREADYAF?ATFLASH
  +--> ?PR?ATFLASH
  +--> ?PR?HOLDSPI_AF?ATFLASH
BL51 BANKED LINKER/LOCATER V6.22            10/13/2015  11:10:35  PAGE 15


  +--> ?PR?WAITSPI?ATFLASH

?PR?AUTOMAT_SEARCH?MAIN                          -----    -----      0028H    
>> 0001H      -----    -----
  +--> ?PR?MAIN
  +--> ?PR?SETRDSEARCH?MAIN
  +--> ?PR?WRITEOUTPUTDATA?MAIN

?PR?SETRDSEARCH?MAIN                             -----    -----      -----    
>> -----      -----    -----
  +--> ?PR?MAIN
  +--> ?PR?READAF?ATFLASH

?PR?WRITEOUTPUTDATA?MAIN                         -----    -----      0029H    
>> 0002H      -----    -----
  +--> ?PR?MAIN

?PR?AUTOMAT_REQUEST?MAIN                         -----    -----      0028H    
>> 0001H      1BC4H    0002H
  +--> ?PR?MAIN
  +--> ?PR?TEST_IN_CS?MAIN
  +--> ?PR?GETFDMASK?MAIN
  +--> ?PR?WRITEOUTPUTDATA?MAIN
  +--> ?PR?INIT_LIMITS_DATA?MAIN
  +--> ?PR?_WRITEFLASH?MAIN
  +--> ?PR?_TEST_TEL_TO_PHONE?IO
  +--> ?PR?ANALISE_TEL_NUM?SIEM_SMS
  +--> ?PR?WRITESCRATCHPAD1?MAIN
  +--> ?PR?_DO_PACK030F?IO
  +--> ?PR?_DO_PACK53?IO
  +--> ?PR?_DO_TXTPACK_S?IO
  +--> ?PR?_DO_TXTPACK_T?IO
  +--> ?PR?_DO_TXTPACK_P?IO
  +--> ?PR?_DO_TXTPACK_N?IO
  +--> ?PR?_DO_TXTPACK_V?IO
  +--> ?PR?_UPRRELE?RELE
  +--> ?PR?_TEST_READ_TEXT?IO
  +--> ?PR?_READFLASH?MAIN
  +--> ?PR?_WRITE_TEL_TO_PHONE?SIEM_SMS

?PR?TEST_IN_CS?MAIN                              -----    -----      -----    
>> -----      1BC6H    0002H

?PR?GETFDMASK?MAIN                               -----    -----      0029H    
>> 0008H      1BC6H    0004H

?PR?_TEST_TEL_TO_PHONE?IO                        -----    -----      -----    
>> -----      1BC6H    0002H

?PR?ANALISE_TEL_NUM?SIEM_SMS                     -----    -----      -----    
>> -----      1BC6H    0003H
  +--> ?PR?SIEM_SMS

?PR?_DO_PACK030F?IO                              -----    -----      0029H    
>> 0003H      1BC6H    0001H
  +--> ?PR?IO
  +--> ?PR?_FULL_BUF_NUM_TEL?SIEM_SMS

?PR?_FULL_BUF_NUM_TEL?SIEM_SMS                   -----    -----      002CH    
>> 0003H      1BC7H    0002H
  +--> ?PR?SIEM_SMS

?PR?_DO_PACK53?IO                                -----    -----      0029H    
>> 0003H      1BC6H    0001H
  +--> ?PR?_FULL_BUF_NUM_TEL2?SIEM_SMS
BL51 BANKED LINKER/LOCATER V6.22            10/13/2015  11:10:35  PAGE 16


  +--> ?PR?IO

?PR?_FULL_BUF_NUM_TEL2?SIEM_SMS                  -----    -----      002CH    
>> 0003H      1BC7H    0002H
  +--> ?PR?SIEM_SMS

?PR?_DO_TXTPACK_S?IO                             -----    -----      0029H    
>> 0004H      1BC6H    0011H
  +--> ?PR?IO
  +--> ?PR?_HEX_TO_DECASCII_5?IO

?PR?_DO_TXTPACK_T?IO                             -----    -----      0029H    
>> 0005H      1BC6H    0005H
  +--> ?PR?IO

?PR?_DO_TXTPACK_P?IO                             -----    -----      0029H    
>> 0003H      1BC6H    0005H
  +--> ?PR?IO

?PR?_DO_TXTPACK_N?IO                             -----    -----      0029H    
>> 0004H      1BC6H    0005H
  +--> ?PR?IO
  +--> ?PR?_GETTEL_SO_TO_ASCII?SIEM_SMS

?PR?_GETTEL_SO_TO_ASCII?SIEM_SMS                 -----    -----      002DH    
>> 0007H      1BCEH    0002H
  +--> ?PR?SIEM_SMS
  +--> ?PR?_HEX_TO_HEXASCII_LO?SIEM_SMS
  +--> ?PR?_HEX_TO_HEXASCII_HI?SIEM_SMS

?PR?_HEX_TO_HEXASCII_LO?SIEM_SMS                 -----    -----      -----    
>> -----      1BD4H    0001H

?PR?_HEX_TO_HEXASCII_HI?SIEM_SMS                 -----    -----      -----    
>> -----      1BD4H    0001H

?PR?_DO_TXTPACK_V?IO                             -----    -----      0029H    
>> 0004H      1BC6H    000EH
  +--> ?PR?IO
  +--> ?PR?_HEX_TO_HEXASCII_HI?SIEM_SMS
  +--> ?PR?_HEX_TO_HEXASCII_LO?SIEM_SMS
  +--> ?PR?_HEX_TO_DECASCII_5?IO

?PR?_UPRRELE?RELE                                -----    -----      0029H    
>> 0003H      1BC6H    0004H
  +--> ?PR?RELE
  +--> ?PR?SAVETOFLASH?RELE

?PR?_TEST_READ_TEXT?IO                           -----    -----      002AH    
>> 0004H      1C5FH    0007H
  +--> ?PR?IO
  +--> ?PR?_TOUPPER?TOUPPER
  +--> ?CO?IO
  +--> ?PR?_READFLASH?MAIN
  +--> ?PR?PARAM_DEFAULT?IO
  +--> ?PR?_WRITEFLASH?MAIN
  +--> ?PR?_ATOI?ATOI
  +--> ?PR?READSCRATCHPAD1?MAIN
  +--> ?PR?WRITESCRATCHPAD1?MAIN
  +--> ?PR?_TSTPHONENUM?IO
  +--> ?PR?_STRNCMP?STRNCMP

?PR?_TSTPHONENUM?IO                              -----    -----      002EH    
>> 0001H      1C66H    0002H
  +--> ?PR?IO
BL51 BANKED LINKER/LOCATER V6.22            10/13/2015  11:10:35  PAGE 17


  +--> ?PR?_GETTEL_ASCII_TO_SO?SIEM_SMS

?PR?_GETTEL_ASCII_TO_SO?SIEM_SMS                 -----    -----      002FH    
>> 0007H      1C68H    0002H
  +--> ?PR?SIEM_SMS

?PR?_WRITE_TEL_TO_PHONE?SIEM_SMS                 -----    -----      0029H    
>> 0003H      1BC6H    0001H
  +--> ?PR?SIEM_SMS

?PR?AUTOMAT_ALARM?MAIN                           -----    -----      -----    
>> -----      -----    -----
  +--> ?PR?MAIN
  +--> ?PR?GETFDMASK?MAIN
  +--> ?PR?WRITEOUTPUTDATA?MAIN
  +--> ?PR?AUTOMAT__RA?MAIN
  +--> ?PR?WRITESCRATCHPAD1?MAIN

?PR?AUTOMAT__RA?MAIN                             -----    -----      -----    
>> -----      -----    -----
  +--> ?PR?MAIN
  +--> ?PR?SETRDSEARCHRA?MAIN
  +--> ?PR?GETFDMASK?MAIN
  +--> ?PR?WRITEOUTPUTDATA?MAIN

?PR?SETRDSEARCHRA?MAIN                           -----    -----      -----    
>> -----      -----    -----
  +--> ?PR?READAF?ATFLASH
  +--> ?PR?MAIN

?PR?AUTOMAT_IO?IO                                -----    -----      -----    
>> -----      -----    -----
  +--> ?PR?RESTART_PHONE?SIEM_SMS
  +--> ?PR?AUTOMAT_SMS_PHONE?SIEM_SMS
  +--> ?PR?AUTOMAT_SMS?IO

?PR?RESTART_PHONE?SIEM_SMS                       -----    -----      -----    
>> -----      -----    -----
  +--> ?PR?SIEM_SMS

?PR?AUTOMAT_SMS_PHONE?SIEM_SMS                   -----    -----      -----    
>> -----      1BC4H    000AH
  +--> ?PR?READ_BYTE_UART0?UART
  +--> ?PR?RECEIVE_SIM?SIEM_SMS
  +--> ?PR?SIEM_SMS
  +--> ?PR?ANALISELINE?SIEM_SMS
  +--> ?PR?AUTOMAT_INITSIM?SIEM_SMS
  +--> ?PR?AUTOMAT_PERSIMWORK?SIEM_SMS
  +--> ?PR?_COMMAND_DEL_SMS?SIEM_SMS
  +--> ?CO?SIEM_SMS
  +--> ?PR?_SEND_STR_SIM?SIEM_SMS
  +--> ?PR?CLEARBUF_UART0?UART
  +--> ?PR?SEND_CHAR_UART0?UART
  +--> ?PR?_HEX_TO_DECASCII_5?IO
  +--> ?PR?_HEX_TO_HEXASCII_HI?SIEM_SMS
  +--> ?PR?_HEX_TO_HEXASCII_LO?SIEM_SMS
  +--> ?PR?COMMAND_TEST_NETWORK?SIEM_SMS
  +--> ?PR?COMMAND_GET_READ_SMS?SIEM_SMS
  +--> ?PR?COMMAND_GET_QUALITY_SIGNAL?SIEM_SMS
  +--> ?PR?_SET_COM_SPEED?CONFIG
  +--> ?PR?COMMAND_ATA?SIEM_SMS
  +--> ?PR?BREAK_GSM_REQ?IO
  +--> ?PR?_SEND_C_OUT_MAX?GPRS
  +--> ?PR?COMMAND_3P?SIEM_SMS
  +--> ?PR?COMMAND_CHLD_1?SIEM_SMS
BL51 BANKED LINKER/LOCATER V6.22            10/13/2015  11:10:35  PAGE 18


  +--> ?PR?COMMAND_ATO?SIEM_SMS
  +--> ?PR?COMMAND_E2IPA?SIEM_SMS
  +--> ?PR?COMMAND_E2IPO?SIEM_SMS
  +--> ?PR?COMMAND_NETWORK_REGISTRATION?SIEM...
  +--> ?PR?RESTART_PHONE?SIEM_SMS
  +--> ?PR?_GETTEL_SO_TO_ASCII?SIEM_SMS

?PR?RECEIVE_SIM?SIEM_SMS                         -----    -----      -----    
>> -----      -----    -----
  +--> ?PR?SIEM_SMS

?PR?ANALISELINE?SIEM_SMS                         -----    -----      -----    
>> -----      1BCEH    0004H
  +--> ?CO?SIEM_SMS
  +--> ?PR?SIEM_SMS
  +--> ?PR?READSCRATCHPAD1?MAIN
  +--> ?PR?WRITESCRATCHPAD1?MAIN
  +--> ?PR?COMMAND_3P?SIEM_SMS
  +--> ?PR?COMMAND_ATH?SIEM_SMS
  +--> ?PR?_GETTEL_ASCII_TO_SO?SIEM_SMS
  +--> ?PR?_COMP_TELNUM?SIEM_SMS
  +--> ?PR?_GET_BYTE_FR_ASCII?SIEM_SMS
  +--> ?PR?_GET_NUM_SMS_FR_ASCII?SIEM_SMS
  +--> ?PR?_STRNCMP?STRNCMP
  +--> ?PR?_HEXASCII_TO_HEX?SIEM_SMS
  +--> ?PR?_SEND_C_OUT_MAX?GPRS
  +--> ?PR?_GETTEL_ATSO_TO_SO?SIEM_SMS

?PR?COMMAND_3P?SIEM_SMS                          -----    -----      0028H    
>> 0001H      -----    -----
  +--> ?PR?CLEARBUF_UART0?UART
  +--> ?CO?SIEM_SMS
  +--> ?PR?SEND_CHAR_UART0?UART

?PR?COMMAND_ATH?SIEM_SMS                         -----    -----      0028H    
>> 0001H      -----    -----
  +--> ?PR?CLEARBUF_UART0?UART
  +--> ?CO?SIEM_SMS
  +--> ?PR?SEND_CHAR_UART0?UART

?PR?_COMP_TELNUM?SIEM_SMS                        -----    -----      0028H    
>> 0005H      1BD2H    0001H
  +--> ?PR?SIEM_SMS

?PR?_GET_BYTE_FR_ASCII?SIEM_SMS                  -----    -----      -----    
>> -----      -----    -----
  +--> ?PR?SIEM_SMS

?PR?_GET_NUM_SMS_FR_ASCII?SIEM_SMS               -----    -----      -----    
>> -----      -----    -----
  +--> ?PR?SIEM_SMS

?PR?_GETTEL_ATSO_TO_SO?SIEM_SMS                  -----    -----      0028H    
>> 0007H      1BD2H    0002H
  +--> ?PR?SIEM_SMS

?PR?AUTOMAT_INITSIM?SIEM_SMS                     -----    -----      -----    
>> -----      1BCEH    0003H
  +--> ?PR?SIEM_SMS
  +--> ?PR?SEND_CHAR_UART0?UART
  +--> ?CO?SIEM_SMS
  +--> ?PR?CLEARBUF_UART0?UART
  +--> ?PR?COMMAND_ATS10?SIEM_SMS
  +--> ?PR?COMMAND_ATS7?SIEM_SMS
  +--> ?PR?COMMAND_CPBS_SM?SIEM_SMS
BL51 BANKED LINKER/LOCATER V6.22            10/13/2015  11:10:35  PAGE 19


  +--> ?PR?COMMAND_CPMS_SM?SIEM_SMS
  +--> ?PR?COMMAND_GET_QUALITY_SIGNAL?SIEM_SMS
  +--> ?PR?COMMAND_CNMI?SIEM_SMS
  +--> ?PR?_SEND_STR_SIM?SIEM_SMS
  +--> ?PR?COMMAND_CRC?SIEM_SMS
  +--> ?PR?COMMAND_CLIP?SIEM_SMS
  +--> ?PR?COMMAND_CBST?SIEM_SMS
  +--> ?PR?COMMAND_CGSMS?SIEM_SMS
  +--> ?PR?COMMAND_CGDCONT?SIEM_SMS
  +--> ?PR?COMMAND_ENAD1?SIEM_SMS
  +--> ?PR?COMMAND_CGCEREP?SIEM_SMS
  +--> ?PR?COMMAND_ATAD1?SIEM_SMS
  +--> ?PR?COMMAND_ATAS1?SIEM_SMS
  +--> ?PR?COMMAND_IDSIM?SIEM_SMS
  +--> ?PR?COMMAND_E2SMSRI?SIEM_SMS
  +--> ?PR?COMMAND_E2IPS?SIEM_SMS
  +--> ?PR?COMMAND_READ_TELSC_SIM?SIEM_SMS
  +--> ?PR?_COMMAND_READ_TELDC_SIM?SIEM_SMS

?PR?COMMAND_ATS10?SIEM_SMS                       -----    -----      0028H    
>> 0001H      -----    -----
  +--> ?PR?CLEARBUF_UART0?UART
  +--> ?CO?SIEM_SMS
  +--> ?PR?SEND_CHAR_UART0?UART

?PR?COMMAND_ATS7?SIEM_SMS                        -----    -----      0028H    
>> 0001H      -----    -----
  +--> ?PR?CLEARBUF_UART0?UART
  +--> ?CO?SIEM_SMS
  +--> ?PR?SEND_CHAR_UART0?UART

?PR?COMMAND_CPBS_SM?SIEM_SMS                     -----    -----      0028H    
>> 0001H      -----    -----
  +--> ?PR?CLEARBUF_UART0?UART
  +--> ?CO?SIEM_SMS
  +--> ?PR?SEND_CHAR_UART0?UART

?PR?COMMAND_CPMS_SM?SIEM_SMS                     -----    -----      0028H    
>> 0001H      -----    -----
  +--> ?PR?CLEARBUF_UART0?UART
  +--> ?CO?SIEM_SMS
  +--> ?PR?SEND_CHAR_UART0?UART

?PR?COMMAND_GET_QUALITY_SIGNAL?SIEM_SMS          -----    -----      002AH    
>> 0001H      -----    -----
  +--> ?PR?CLEARBUF_UART0?UART
  +--> ?CO?SIEM_SMS
  +--> ?PR?SEND_CHAR_UART0?UART

?PR?COMMAND_CNMI?SIEM_SMS                        -----    -----      0028H    
>> 0001H      -----    -----
  +--> ?PR?CLEARBUF_UART0?UART
  +--> ?CO?SIEM_SMS
  +--> ?PR?SEND_CHAR_UART0?UART

?PR?_SEND_STR_SIM?SIEM_SMS                       -----    -----      0028H    
>> 0003H      -----    -----
  +--> ?PR?SEND_CHAR_UART0?UART

?PR?COMMAND_CRC?SIEM_SMS                         -----    -----      0028H    
>> 0001H      -----    -----
  +--> ?PR?CLEARBUF_UART0?UART
  +--> ?CO?SIEM_SMS
  +--> ?PR?SEND_CHAR_UART0?UART

BL51 BANKED LINKER/LOCATER V6.22            10/13/2015  11:10:35  PAGE 20


?PR?COMMAND_CLIP?SIEM_SMS                        -----    -----      0028H    
>> 0001H      -----    -----
  +--> ?PR?CLEARBUF_UART0?UART
  +--> ?CO?SIEM_SMS
  +--> ?PR?SEND_CHAR_UART0?UART

?PR?COMMAND_CBST?SIEM_SMS                        -----    -----      0028H    
>> 0001H      -----    -----
  +--> ?PR?CLEARBUF_UART0?UART
  +--> ?CO?SIEM_SMS
  +--> ?PR?SEND_CHAR_UART0?UART

?PR?COMMAND_CGSMS?SIEM_SMS                       -----    -----      0028H    
>> 0001H      -----    -----
  +--> ?PR?CLEARBUF_UART0?UART
  +--> ?CO?SIEM_SMS
  +--> ?PR?SEND_CHAR_UART0?UART

?PR?COMMAND_CGDCONT?SIEM_SMS                     -----    -----      0028H    
>> 0003H      -----    -----
  +--> ?PR?CLEARBUF_UART0?UART
  +--> ?CO?SIEM_SMS
  +--> ?PR?SEND_CHAR_UART0?UART
  +--> ?PR?SIEM_SMS

?PR?COMMAND_ENAD1?SIEM_SMS                       -----    -----      0028H    
>> 0005H      -----    -----
  +--> ?PR?CLEARBUF_UART0?UART
  +--> ?CO?SIEM_SMS
  +--> ?PR?SEND_CHAR_UART0?UART
  +--> ?PR?SIEM_SMS

?PR?COMMAND_CGCEREP?SIEM_SMS                     -----    -----      0028H    
>> 0001H      -----    -----
  +--> ?PR?CLEARBUF_UART0?UART
  +--> ?CO?SIEM_SMS
  +--> ?PR?SEND_CHAR_UART0?UART

?PR?COMMAND_ATAD1?SIEM_SMS                       -----    -----      0028H    
>> 0001H      -----    -----
  +--> ?PR?CLEARBUF_UART0?UART
  +--> ?CO?SIEM_SMS
  +--> ?PR?SEND_CHAR_UART0?UART

?PR?COMMAND_ATAS1?SIEM_SMS                       -----    -----      0028H    
>> 0001H      -----    -----
  +--> ?PR?CLEARBUF_UART0?UART
  +--> ?CO?SIEM_SMS
  +--> ?PR?SEND_CHAR_UART0?UART

?PR?COMMAND_IDSIM?SIEM_SMS                       -----    -----      0028H    
>> 0001H      -----    -----
  +--> ?PR?CLEARBUF_UART0?UART
  +--> ?CO?SIEM_SMS
  +--> ?PR?SEND_CHAR_UART0?UART

?PR?COMMAND_E2SMSRI?SIEM_SMS                     -----    -----      0028H    
>> 0001H      -----    -----
  +--> ?PR?CLEARBUF_UART0?UART
  +--> ?CO?SIEM_SMS
  +--> ?PR?SEND_CHAR_UART0?UART

?PR?COMMAND_E2IPS?SIEM_SMS                       -----    -----      0028H    
>> 0001H      -----    -----
  +--> ?PR?CLEARBUF_UART0?UART
BL51 BANKED LINKER/LOCATER V6.22            10/13/2015  11:10:35  PAGE 21


  +--> ?CO?SIEM_SMS
  +--> ?PR?SEND_CHAR_UART0?UART

?PR?COMMAND_READ_TELSC_SIM?SIEM_SMS              -----    -----      0028H    
>> 0001H      -----    -----
  +--> ?PR?CLEARBUF_UART0?UART
  +--> ?CO?SIEM_SMS
  +--> ?PR?SEND_CHAR_UART0?UART

?PR?_COMMAND_READ_TELDC_SIM?SIEM_SMS             -----    -----      0028H    
>> 0003H      1BD1H    0008H
  +--> ?PR?CLEARBUF_UART0?UART
  +--> ?CO?SIEM_SMS
  +--> ?PR?SEND_CHAR_UART0?UART
  +--> ?PR?_HEX_TO_DECASCII_5?IO
  +--> ?PR?SIEM_SMS

?PR?AUTOMAT_PERSIMWORK?SIEM_SMS                  -----    -----      0028H    
>> 0002H      -----    -----
  +--> ?PR?SIEM_SMS
  +--> ?PR?COMMAND_NETWORK_REGISTRATION?SIEM...
  +--> ?PR?COMMAND_TEST_NETWORK?SIEM_SMS
  +--> ?PR?COMMAND_GET_QUALITY_SIGNAL?SIEM_SMS
  +--> ?PR?CLEARBUF_UART0?UART

?PR?COMMAND_NETWORK_REGISTRATION?SIEM...         -----    -----      002AH    
>> 0001H      -----    -----
  +--> ?PR?CLEARBUF_UART0?UART
  +--> ?CO?SIEM_SMS
  +--> ?PR?SEND_CHAR_UART0?UART

?PR?COMMAND_TEST_NETWORK?SIEM_SMS                -----    -----      002AH    
>> 0001H      -----    -----
  +--> ?PR?CLEARBUF_UART0?UART
  +--> ?CO?SIEM_SMS
  +--> ?PR?SEND_CHAR_UART0?UART

?PR?_COMMAND_DEL_SMS?SIEM_SMS                    -----    -----      0028H    
>> 0002H      -----    -----
  +--> ?PR?CLEARBUF_UART0?UART
  +--> ?CO?SIEM_SMS
  +--> ?PR?SEND_CHAR_UART0?UART
  +--> ?PR?_HEX_TO_HEXASCII_HI?SIEM_SMS
  +--> ?PR?_HEX_TO_HEXASCII_LO?SIEM_SMS
  +--> ?PR?SIEM_SMS

?PR?COMMAND_GET_READ_SMS?SIEM_SMS                -----    -----      0028H    
>> 0001H      -----    -----
  +--> ?PR?CLEARBUF_UART0?UART
  +--> ?CO?SIEM_SMS
  +--> ?PR?SEND_CHAR_UART0?UART

?PR?_SET_COM_SPEED?CONFIG                        -----    -----      -----    
>> -----      -----    -----
  +--> ?CO?CONFIG

?PR?COMMAND_ATA?SIEM_SMS                         -----    -----      0028H    
>> 0001H      -----    -----
  +--> ?PR?CLEARBUF_UART0?UART
  +--> ?CO?SIEM_SMS
  +--> ?PR?SEND_CHAR_UART0?UART

?PR?COMMAND_CHLD_1?SIEM_SMS                      -----    -----      0028H    
>> 0001H      -----    -----
  +--> ?PR?CLEARBUF_UART0?UART
BL51 BANKED LINKER/LOCATER V6.22            10/13/2015  11:10:35  PAGE 22


  +--> ?CO?SIEM_SMS
  +--> ?PR?SEND_CHAR_UART0?UART

?PR?COMMAND_ATO?SIEM_SMS                         -----    -----      0028H    
>> 0001H      -----    -----
  +--> ?PR?CLEARBUF_UART0?UART
  +--> ?CO?SIEM_SMS
  +--> ?PR?SEND_CHAR_UART0?UART

?PR?COMMAND_E2IPA?SIEM_SMS                       -----    -----      0028H    
>> 0001H      -----    -----
  +--> ?PR?CLEARBUF_UART0?UART
  +--> ?CO?SIEM_SMS
  +--> ?PR?SEND_CHAR_UART0?UART

?PR?COMMAND_E2IPO?SIEM_SMS                       -----    -----      0028H    
>> 0006H      1BCEH    0008H
  +--> ?PR?CLEARBUF_UART0?UART
  +--> ?CO?SIEM_SMS
  +--> ?PR?SEND_CHAR_UART0?UART
  +--> ?PR?SIEM_SMS
  +--> ?PR?_HEX_TO_DECASCII_5?IO

?PR?AUTOMAT_SMS?IO                               -----    -----      -----    
>> -----      1BC4H    0003H
  +--> ?PR?TEST_READ_MES?IO
  +--> ?PR?IO
  +--> ?PR?_SEND_C_OUT_MAX?GPRS
  +--> ?PR?GETSTATE?IO
  +--> ?PR?_NPACKINC?IO
  +--> ?PR?GET_QUALITY_SIGNAL?SIEM_SMS
  +--> ?PR?FILL_BUF_OLD?IO
  +--> ?PR?RESETSTATE?IO
  +--> ?PR?FILL_BUF_AUTO?IO
  +--> ?PR?_SEND_MODEM?SIEM_SMS
  +--> ?PR?_SEND_SMS?SIEM_SMS
  +--> ?PR?IS_SMS_SEND_OUT?SIEM_SMS

?PR?TEST_READ_MES?IO                             -----    -----      -----    
>> -----      1BC7H    0001H
  +--> ?PR?ISNONDELETE_SMS?SIEM_SMS
  +--> ?PR?RESTARTTOLOADER?SIEM_SMS
  +--> ?PR?IS_NEW_SMS?SIEM_SMS
  +--> ?PR?READ_NEW_SMS?SIEM_SMS
  +--> ?PR?TEST_READ_DATA?IO
  +--> ?PR?IS_NEW_SMS_8BIT?SIEM_SMS

?PR?RESTARTTOLOADER?SIEM_SMS                     -----    -----      002BH    
>> 0002H      -----    -----
  +--> ?PR?SIEM_SMS
  +--> ?PR?SETOSCSLOWMODE?CONFIG
  +--> ?PR?CALL_PROGRAM_RESET?MAIN

?PR?SETOSCSLOWMODE?CONFIG                        -----    -----      -----    
>> -----      -----    -----
  +--> ?PR?_SET_COM_SPEED?CONFIG

?PR?READ_NEW_SMS?SIEM_SMS                        -----    -----      -----    
>> -----      -----    -----
  +--> ?PR?DELETE_SMS?SIEM_SMS

?PR?TEST_READ_DATA?IO                            -----    -----      0028H    
>> 0002H      1BC8H    0097H
  +--> ?PR?IS_NEW_SMS_8BIT?SIEM_SMS
  +--> ?PR?IO
BL51 BANKED LINKER/LOCATER V6.22            10/13/2015  11:10:35  PAGE 23


  +--> ?PR?_DATA_DECODE?IO
  +--> ?PR?_TEST_READ_TEXT?IO
  +--> ?PR?_READFLASH?MAIN
  +--> ?PR?_WRITEFLASH?MAIN

?PR?_DATA_DECODE?IO                              -----    -----      002AH    
>> 0006H      1C5FH    000BH
  +--> ?PR?_STRLEN?STRLEN
  +--> ?PR?IO

?PR?GETSTATE?IO                                  -----    -----      -----    
>> -----      1BC7H    0001H

?PR?FILL_BUF_OLD?IO                              -----    -----      -----    
>> -----      -----    -----
  +--> ?PR?IO

?PR?FILL_BUF_AUTO?IO                             -----    -----      -----    
>> -----      1BC7H    0001H
  +--> ?PR?_GET_NPACK_INC?IO
  +--> ?PR?IO

?PR?_SEND_MODEM?SIEM_SMS                         -----    -----      0028H    
>> 0003H      -----    -----
  +--> ?PR?SIEM_SMS

?PR?_SEND_SMS?SIEM_SMS                           -----    -----      0028H    
>> 0005H      -----    -----
  +--> ?PR?_DO_PACK_TEL_8B_SMS?SIEM_SMS

?PR?_DO_PACK_TEL_8B_SMS?SIEM_SMS                 -----    -----      002DH    
>> 0005H      1BC7H    0004H
  +--> ?PR?SIEM_SMS

?PR?AUTOMAT_RMODEM?RMODEM                        -----    -----      0028H    
>> 0003H      -----    -----
  +--> ?PR?RECEIVE_CHAR_MAX?UART
  +--> ?PR?RMODEM
  +--> ?PR?SEND_MAX?UART
  +--> ?PR?RESTARTTOLOADER?SIEM_SMS
  +--> ?PR?FREE_INPUT_STREAM?RMODEM
  +--> ?PR?CHECK_GAP_RMODEM?RMODEM
  +--> ?PR?FREE_OUTPUT_STREAM?RMODEM
  +--> ?PR?CLEARBUF_MAX?UART
  +--> ?PR?FAIL_RESET_RMODEM?RMODEM
  +--> ?PR?MAX_TRANSMIT?UART
  +--> ?PR?MAX_RECEIVE?UART
  +--> ?PR?_INIT_MAX?UART
  +--> ?PR?_GET_SN_SMS?RMODEM

?PR?RECEIVE_CHAR_MAX?UART                        0026H.5  0000H.1    -----    
>> -----      -----    -----

?PR?FREE_INPUT_STREAM?RMODEM                     -----    -----      -----    
>> -----      -----    -----
  +--> ?PR?RMODEM

?PR?FREE_OUTPUT_STREAM?RMODEM                    -----    -----      -----    
>> -----      -----    -----
  +--> ?PR?RMODEM

?PR?FAIL_RESET_RMODEM?RMODEM                     -----    -----      -----    
>> -----      -----    -----
  +--> ?PR?RMODEM
  +--> ?PR?_INIT_MAX?UART
BL51 BANKED LINKER/LOCATER V6.22            10/13/2015  11:10:35  PAGE 24


  +--> ?PR?MAX_RECEIVE?UART
  +--> ?PR?CLEARBUF_MAX?UART

?PR?MAX_RECEIVE?UART                             -----    -----      -----    
>> -----      -----    -----
  +--> ?PR?UART

?PR?MAX_TRANSMIT?UART                            -----    -----      -----    
>> -----      -----    -----
  +--> ?PR?UART



INTERBANK CALL TABLE OF MODULE:  E:\_KEIL_SOURCE\_GSM_MODEM_ITERIS\k8tse (MAIN
>> )

ADDRESS    FUNCTION NAME
------------------------
 6044H     READAF
 6049H     _TEST_TEL_TO_PHONE
 604EH     ANALISE_TEL_NUM
 6053H     _DO_PACK030F
 6058H     _DO_PACK53
 605DH     _DO_TXTPACK_S
 6062H     _DO_TXTPACK_T
 6067H     _DO_TXTPACK_P
 606CH     _DO_TXTPACK_N
 6071H     _DO_TXTPACK_V
 6076H     _UPRRELE
 607BH     _TEST_READ_TEXT
 6080H     _WRITE_TEL_TO_PHONE
 6085H     PARAM_DEFAULT
 608AH     AUTOMAT_VLAN
 608FH     AUTOMAT_LAN
 6094H     _CRC_8_LAN
 6099H     CONFIG
 609EH     INIT_UART0
 60A3H     INIT_UART1
 60A8H     INIT_K8
 60ADH     INIT_IO
 60B2H     INITIALIZE_SENSOR
 60B7H     INITIALIZE_RELE
 60BCH     INITAF
 60C1H     INIT_LAN
 60C6H     DEBUG_GPRS_INIT
 60CBH     GET_QUALITY_SIGNAL
 60D0H     SEND_MAX
 60D5H     STARTCONVERTADC
 60DAH     FINISHCONVERTADC
 60DFH     AUTOMAT_SENSOR
 60E4H     AUTOMAT_RELE
 60E9H     AUTOMAT_GPRS_GLOB
 60EEH     AUTOMAT_K8
 60F3H     GET_SOST_RELE
 60F8H     WRITEAF
 60FDH     AUTOMAT_IO
 6102H     AUTOMAT_RMODEM
 6107H     _SEND_C_OUT_MAX
 610CH     SEND_CHAR_UART0
 6111H     CLEARBUF_UART0
 6116H     READ_BYTE_UART0
 611BH     _SET_COM_SPEED
 6120H     SETOSCSLOWMODE
 6125H     RESTARTTOLOADER
 612AH     _INIT_MAX
BL51 BANKED LINKER/LOCATER V6.22            10/13/2015  11:10:35  PAGE 25


 612FH     _NPACKINC
 6134H     _GET_NPACK_INC
 6139H     READ_BYTE_UART0_GPRS
 613EH     _GET_HTTP_TIME
 6143H     _SENDSTRINGUART0
 6148H     _HEX_TO_DECASCII_5
 614DH     _CPYITERISDATA



SYMBOL TABLE OF MODULE:  E:\_KEIL_SOURCE\_GSM_MODEM_ITERIS\k8tse (MAIN)

  VALUE           TYPE          NAME
  ----------------------------------

  -------         MODULE        MAIN
  C:0000H         SYMBOL        _ICE_DUMMY_
  C:6B03H         PUBLIC        _WriteFlash
  X:0000H         PUBLIC        Char
  D:0080H         PUBLIC        P0
  D:0090H         PUBLIC        P1
  D:00FFH         PUBLIC        WDTCN
  D:00A0H         PUBLIC        P2
  C:6DD7H         PUBLIC        call_program_reset
  X:0001H         PUBLIC        time_wait_io
  D:00B0H         PUBLIC        P3
  D:00C8H         PUBLIC        P4
  D:00D8H         PUBLIC        P5
  X:0002H         PUBLIC        RAA1
  X:0004H         PUBLIC        FD_Auto
  X:0044H         PUBLIC        StateSendSMS
  B:00A8H.7       PUBLIC        EA
  D:00E8H         PUBLIC        P6
  X:0045H         PUBLIC        RAA2
  X:0047H         PUBLIC        saveAmountSearchPoints
  D:00F8H         PUBLIC        P7
  X:0049H         PUBLIC        RAA3
  X:004BH         PUBLIC        MaskEvents
  D:008FH         PUBLIC        PSCTL
  D:003BH         PUBLIC        pOutBuffer
  X:0053H         PUBLIC        mAuto
  X:005BH         PUBLIC        FD
  X:005CH         PUBLIC        FlashDump
  C:5EF6H         PUBLIC        automat_leds
  D:0084H         PUBLIC        SFRPAGE
  X:045CH         PUBLIC        IOStreamState
  X:0461H         PUBLIC        time_wait_phone_receive
  X:0462H         PUBLIC        saveStateSearch
  D:00A1H         PUBLIC        CCH0CN
  B:0021H.0       PUBLIC        Timer_tick
  X:0463H         PUBLIC        saveSMS_Tail
  X:0465H         PUBLIC        FD_Req
  C:6D10H         PUBLIC        ReadScratchPad1
  B:00B0H.1       PUBLIC        P3_1
  B:00D8H.0       PUBLIC        P5_0
  B:00B0H.2       PUBLIC        P3_2
  B:00B0H.3       PUBLIC        P3_3
  B:00A0H.5       PUBLIC        P2_5
  B:00B0H.5       PUBLIC        P3_5
  B:00A0H.6       PUBLIC        P2_6
  B:0090H.7       PUBLIC        P1_7
  X:04A5H         PUBLIC        saveCountSearchPoints
  B:0021H.1       PUBLIC        Alarm_Enable
  X:04A7H         PUBLIC        time_wait_SMSPhone
  D:003DH         PUBLIC        pInt
BL51 BANKED LINKER/LOCATER V6.22            10/13/2015  11:10:35  PAGE 26


  X:04A8H         PUBLIC        IOBufPointer
  X:04A9H         PUBLIC        StLED
  B:0021H.2       PUBLIC        DefaultProfile
  C:67DEH         PUBLIC        WriteOutputData
  B:0021H.3       PUBLIC        OutBufChange
  C:6A65H         PUBLIC        WriteScratchPad1
  X:04AAH         PUBLIC        reset_code
  X:04ABH         PUBLIC        Day_timer
  X:04ADH         PUBLIC        TimeRA
  B:0021H.4       PUBLIC        SearchEnable
  C:2800H         PUBLIC        main
  X:04AEH         PUBLIC        mLogCS
  X:04AFH         PUBLIC        CountAuto
  X:04B1H         PUBLIC        IOStreamBuf
  C:6DE1H         PUBLIC        init_limits_data
  X:0756H         PUBLIC        Float1
  X:075AH         PUBLIC        Int
  B:0021H.5       PUBLIC        ForbiddenAll
  X:075CH         PUBLIC        time_nogprs
  X:075DH         PUBLIC        AlarmPointNum
  X:075EH         PUBLIC        StSYSTEM
  C:6C2CH         PUBLIC        Test_In_CS
  X:0760H         PUBLIC        time_wait_io2
  X:0761H         PUBLIC        saveRdHeader
  X:0765H         PUBLIC        time_wait_io3
  X:0766H         PUBLIC        RA_cnt
  C:6282H         PUBLIC        GetFDMask
  C:6D43H         PUBLIC        LED_Mode
  C:50CDH         PUBLIC        OpenDeviceProfile
  C:6C69H         PUBLIC        SetRdSearch
  X:0767H         PUBLIC        count_restart_gsm
  X:0768H         PUBLIC        count_restart_cpu
  D:00B1H         PUBLIC        PSBANK
  B:0021H.6       PUBLIC        RestoreSearch
  X:0769H         PUBLIC        Rele_LCount
  X:076DH         PUBLIC        DataRAMPointer
  X:076FH         PUBLIC        RA_tmp
  B:0021H.7       PUBLIC        Auto_Enable
  X:0770H         PUBLIC        cnt
  B:0022H.0       PUBLIC        Lock_DataRAM
  X:0771H         PUBLIC        time_wait
  X:0772H         PUBLIC        GSM_signal
  B:00A8H.5       PUBLIC        ET2
  X:0773H         PUBLIC        time_wait_SMSPhone1
  D:003FH         PUBLIC        pTimeL
  X:0775H         PUBLIC        time_wait_SMSPhone2
  C:6DCDH         PUBLIC        reset_state_log
  X:0776H         PUBLIC        StLED1
  X:0777H         PUBLIC        NTicks
  X:0778H         PUBLIC        saveSearch2Time
  X:077CH         PUBLIC        saveIOBufPointer
  X:077EH         PUBLIC        Beacon_timer
  B:0022H.1       PUBLIC        CMask
  X:0780H         PUBLIC        mLogger
  C:5D57H         PUBLIC        automat__RA
  C:6BEBH         PUBLIC        SetRdSearchRA
  X:0788H         PUBLIC        AmountSearchPoints
  X:078AH         PUBLIC        State__RA
  B:0022H.2       PUBLIC        FlagTX0
  C:5BAAH         PUBLIC        automat_search
  X:078BH         PUBLIC        FD_Alarm
  B:0022H.3       PUBLIC        FlagTX1
  X:07CBH         PUBLIC        StLEDSTAT
  X:07CCH         PUBLIC        PreviousEvents
  X:07D4H         PUBLIC        mAlarm
BL51 BANKED LINKER/LOCATER V6.22            10/13/2015  11:10:35  PAGE 27


  X:07DCH         PUBLIC        DataRAM
  X:08E0H         PUBLIC        StateSearch
  X:08E1H         PUBLIC        port_ADC_latch
  X:08E2H         PUBLIC        SMS_Tail
  X:08E4H         PUBLIC        DataLogger
  X:0964H         PUBLIC        CurrentEvents
  X:096CH         PUBLIC        time_wait_txtsms
  B:0022H.4       PUBLIC        GetBack_m
  X:096DH         PUBLIC        AlarmTickCounter
  D:00EFH         PUBLIC        RSTSRC
  X:096EH         PUBLIC        Timer_inside
  X:0972H         PUBLIC        time_wait_lan
  X:0973H         PUBLIC        CountSearchPoints
  D:0041H         PUBLIC        pFD_Mask
  X:0975H         PUBLIC        AlarmEvents
  D:0043H         PUBLIC        pEvents
  X:097DH         PUBLIC        GSM_signal_prev
  X:097EH         PUBLIC        AmountAlarmPoints
  X:097FH         PUBLIC        time_wait_test
  C:4363H         PUBLIC        automat_request
  C:6D53H         PUBLIC        LED1_Mode
  C:6CDDH         PUBLIC        _ReadFlash
  C:5481H         PUBLIC        automat_alarm
  X:0980H         PUBLIC        CMask_buf
  X:0989H         PUBLIC        mResult
  D:0045H         PUBLIC        pChar
  X:0991H         PUBLIC        StateRequest
  X:0992H         PUBLIC        TickCounter
  X:0993H         PUBLIC        LimitsData
  X:09C5H         PUBLIC        RNext
  X:09C7H         PUBLIC        AddAlarmEvents
  X:09CFH         PUBLIC        StateAlarm
  D:00B7H         PUBLIC        FLSCL
  B:0022H.5       PUBLIC        Beacon_Enable
  X:09D0H         PUBLIC        CMask_cnt
  X:09D1H         PUBLIC        Float
  X:09D5H         PUBLIC        saveIOStreamStateOut
  D:0047H         PUBLIC        pFD
  B:0022H.6       PUBLIC        RA_Mode
  C:6D65H         PUBLIC        LEDSTAT_Mode
  X:09D7H         PUBLIC        Search1_Time
  X:09DBH         PUBLIC        mStore
  X:09E3H         PUBLIC        Search2_Time
  C:4B72H         SYMBOL        Com02A1
  C:4B72H         SYMBOL        L?0674
  C:4B7AH         SYMBOL        L?0675
  C:4B7CH         SYMBOL        L?0676
  C:4B7EH         SYMBOL        L?0677
  C:4B88H         SYMBOL        L?0678
  C:4B90H         SYMBOL        L?0679
  C:4BA4H         SYMBOL        L?0680
  C:4BA7H         SYMBOL        L?0681
  C:4BB3H         SYMBOL        L?0682
  C:4BB3H         SYMBOL        L?0683
  C:4BB6H         SYMBOL        L?0684
  C:4BC1H         SYMBOL        L?0685
  C:4BC1H         SYMBOL        L?0686
  C:4BE1H         SYMBOL        L?0687
  C:4BE1H         SYMBOL        L?0688
  C:4BEBH         SYMBOL        L?0689
  C:4BF5H         SYMBOL        L?0690
  C:4C08H         SYMBOL        L?0691
  C:4C0AH         SYMBOL        L?0692
  C:4C0BH         SYMBOL        L?0693
  C:4C0CH         SYMBOL        L?0694
BL51 BANKED LINKER/LOCATER V6.22            10/13/2015  11:10:35  PAGE 28


  C:4C13H         SYMBOL        L?0695
  C:4C13H         SYMBOL        L?0696
  C:4C1DH         SYMBOL        L?0697
  C:4C26H         SYMBOL        L?0698
  C:4C2FH         SYMBOL        L?0699
  C:4C31H         SYMBOL        L?0700
  C:4C3DH         SYMBOL        L?0701
  C:4C43H         SYMBOL        L?0702
  C:4C44H         SYMBOL        L?0703
  C:4C49H         SYMBOL        L?0704
  C:4C53H         SYMBOL        L?0705
  C:4C5AH         SYMBOL        L?0706
  C:4C62H         SYMBOL        L?0707
  C:4C6EH         SYMBOL        L?0708
  C:4C8DH         SYMBOL        L?0709
  C:4C91H         SYMBOL        L?0710
  C:4C9FH         SYMBOL        L?0711
  C:4CAFH         SYMBOL        L?0712
  C:4CEBH         SYMBOL        L?0713
  C:4CF0H         SYMBOL        L?0714
  C:4CF3H         SYMBOL        L?0715
  C:4CFFH         SYMBOL        L?0716
  C:4D0BH         SYMBOL        L?0717
  C:4D16H         SYMBOL        L?0718
  C:4D16H         SYMBOL        L?0719
  C:4D1DH         SYMBOL        L?0720
  C:4D1DH         SYMBOL        L?0721
  C:4D2DH         SYMBOL        L?0722
  C:4D3DH         SYMBOL        L?0723
  C:4D40H         SYMBOL        L?0724
  C:4D41H         SYMBOL        L?0725
  C:4D48H         SYMBOL        L?0726
  C:4D53H         SYMBOL        L?0727
  C:4D61H         SYMBOL        L?0728
  C:4D70H         SYMBOL        L?0729
  C:4D72H         SYMBOL        L?0730
  C:4D7DH         SYMBOL        L?0732
  C:4D7DH         SYMBOL        L?0733
  C:4D82H         SYMBOL        L?0734
  C:4D85H         SYMBOL        L?0735
  C:4D8CH         SYMBOL        L?0736
  C:4D8CH         SYMBOL        L?0737
  C:4D91H         SYMBOL        L?0738
  C:4D98H         SYMBOL        L?0739
  C:4D9BH         SYMBOL        L?0740
  C:4DA8H         SYMBOL        L?0741
  C:4DA8H         SYMBOL        L?0742
  C:4DB9H         SYMBOL        L?0743
  C:4DB9H         SYMBOL        L?0744
  C:4DBAH         SYMBOL        L?0745
  C:4DC1H         SYMBOL        L?0746
  C:4DC1H         SYMBOL        L?0747
  C:4DD2H         SYMBOL        L?0748
  C:4DD5H         SYMBOL        L?0749
  C:4DE2H         SYMBOL        L?0750
  C:4DE2H         SYMBOL        L?0751
  C:4DE5H         SYMBOL        L?0752
  C:4DEFH         SYMBOL        L?0754
  C:4DEFH         SYMBOL        L?0755
  C:4DF6H         SYMBOL        L?0756
  C:4DF6H         SYMBOL        L?0757
  C:4E01H         SYMBOL        L?0758
  C:4E01H         SYMBOL        L?0759
  C:4E0AH         SYMBOL        L?0761
  C:4E20H         SYMBOL        L?0762
BL51 BANKED LINKER/LOCATER V6.22            10/13/2015  11:10:35  PAGE 29


  C:4E35H         SYMBOL        L?0763
  C:4E3FH         SYMBOL        L?0764
  C:4E47H         SYMBOL        L?0765
  C:4E5CH         SYMBOL        L?0766
  C:4E71H         SYMBOL        L?0767
  C:4E86H         SYMBOL        L?0768
  C:4E86H         SYMBOL        L?0769
  C:4E8EH         SYMBOL        L?0770
  C:4E8EH         SYMBOL        L?0771
  C:4E90H         SYMBOL        L?0772
  C:4E97H         SYMBOL        L?0773
  C:4E97H         SYMBOL        L?0774
  C:4E9EH         SYMBOL        L?0775
  C:4EADH         SYMBOL        L?0776
  C:4EC0H         SYMBOL        L?0777
  C:4ED3H         SYMBOL        L?0780
  C:4ED3H         SYMBOL        L?0781
  C:4EDEH         SYMBOL        L?0782
  C:4EEFH         SYMBOL        L?0783
  C:4F00H         SYMBOL        L?0784
  C:4F11H         SYMBOL        L?0785
  C:4F13H         SYMBOL        L?0786
  C:4F1BH         SYMBOL        L?0787
  C:4F2BH         SYMBOL        L?0788
  C:4F3BH         SYMBOL        L?0789
  C:4F3BH         SYMBOL        L?0790
  C:4F45H         SYMBOL        L?0791
  C:4F55H         SYMBOL        L?0792
  C:4F59H         SYMBOL        L?0793
  C:4F61H         SYMBOL        L?0794
  C:4F61H         SYMBOL        L?0795
  C:4F69H         SYMBOL        L?0796
  C:4F79H         SYMBOL        L?0797
  C:4F88H         SYMBOL        L?0798
  C:4F8BH         SYMBOL        L?0799
  C:4F93H         SYMBOL        L?0800
  C:4F96H         SYMBOL        L?0801
  C:4F9EH         SYMBOL        L?0802
  C:4FADH         SYMBOL        L?0803
  C:4FADH         SYMBOL        L?0804
  C:4FB6H         SYMBOL        L?0805
  C:4FB6H         SYMBOL        L?0806
  C:4FBFH         SYMBOL        L?0807
  C:4FBFH         SYMBOL        L?0808
  C:4FC6H         SYMBOL        L?0809
  C:4FC6H         SYMBOL        L?0810
  C:4FCDH         SYMBOL        L?0811
  C:4FCDH         SYMBOL        L?0812
  C:4FD4H         SYMBOL        L?0813
  C:4FD4H         SYMBOL        L?0814
  C:4FDBH         SYMBOL        L?0815
  C:4FDBH         SYMBOL        L?0816
  C:4FE2H         SYMBOL        L?0817
  C:4FEEH         SYMBOL        L?0818
  C:4FF9H         SYMBOL        L?0819
  C:5004H         SYMBOL        L?0820
  C:5010H         SYMBOL        L?0821
  C:501CH         SYMBOL        L?0822
  C:5027H         SYMBOL        L?0823
  C:502FH         SYMBOL        L?0824
  C:503AH         SYMBOL        L?0825
  C:503BH         SYMBOL        L?0826
  C:5042H         SYMBOL        L?0827
  C:504DH         SYMBOL        L?0828
  C:5058H         SYMBOL        L?0830
BL51 BANKED LINKER/LOCATER V6.22            10/13/2015  11:10:35  PAGE 30


  C:5058H         SYMBOL        L?0831
  C:505FH         SYMBOL        L?0832
  C:5069H         SYMBOL        L?0833
  C:5073H         SYMBOL        L?0834
  C:5073H         SYMBOL        L?0835
  C:5079H         SYMBOL        L?0836
  C:5079H         SYMBOL        L?0837
  C:5080H         SYMBOL        L?0838
  C:508AH         SYMBOL        L?0839
  C:5094H         SYMBOL        L?0840
  C:509EH         SYMBOL        L?0841
  C:50A8H         SYMBOL        L?0842
  C:50B2H         SYMBOL        L?0843
  C:50B2H         SYMBOL        L?0844
  C:50B9H         SYMBOL        L?0845
  C:50C3H         SYMBOL        L?0846
  -------         PROC          COM02A1
  -------         ENDPROC       COM02A1
  -------         PROC          AUTOMAT_LEDS
  C:5EF6H         LINE#         320
  C:5EF6H         LINE#         321
  C:5EF6H         LINE#         323
  C:5EFCH         LINE#         324
  C:5F04H         LINE#         326
  C:5F08H         LINE#         327
  C:5F10H         LINE#         329
  C:5F13H         LINE#         330
  C:5F1AH         LINE#         332
  C:5F27H         LINE#         334
  C:5F30H         LINE#         335
  C:5F33H         LINE#         336
  C:5F33H         LINE#         338
  C:5F36H         LINE#         340
  C:5F39H         LINE#         342
  C:5F52H         LINE#         343
  C:5F52H         LINE#         344
  C:5F5AH         LINE#         345
  C:5F62H         LINE#         346
  C:5F6AH         LINE#         347
  C:5F72H         LINE#         348
  C:5F72H         LINE#         351
  C:5F7AH         LINE#         354
  C:5F80H         LINE#         355
  C:5F82H         LINE#         358
  C:5F8AH         LINE#         360
  C:5F91H         LINE#         362
  C:5F99H         LINE#         365
  C:5F9EH         LINE#         367
  C:5FA5H         LINE#         368
  C:5FAAH         LINE#         370
  C:5FAEH         LINE#         371
  C:5FB5H         LINE#         373
  C:5FBBH         LINE#         374
  C:5FC2H         LINE#         376
  C:5FC6H         LINE#         377
  C:5FCDH         LINE#         379
  C:5FD1H         LINE#         380
  C:5FD7H         LINE#         381
  -------         ENDPROC       AUTOMAT_LEDS
  -------         PROC          _READFLASH
  D:0030H         SYMBOL        pread
  D:0004H         SYMBOL        amount
  -------         DO            
  D:0006H         SYMBOL        i
  -------         ENDDO         
BL51 BANKED LINKER/LOCATER V6.22            10/13/2015  11:10:35  PAGE 31


  C:6CDDH         LINE#         384
  C:6CE1H         LINE#         387
  C:6CE1H         LINE#         389
  C:6CE4H         LINE#         390
  C:6D0CH         LINE#         391
  C:6D0FH         LINE#         392
  -------         ENDPROC       _READFLASH
  -------         PROC          _WRITEFLASH
  D:0030H         SYMBOL        pwrite
  D:0032H         SYMBOL        amount
  -------         DO            
  D:0006H         SYMBOL        i
  -------         ENDDO         
  C:6B03H         LINE#         394
  C:6B0BH         LINE#         395
  C:6B0BH         LINE#         398
  C:6B0EH         LINE#         399
  C:6B11H         LINE#         400
  C:6B14H         LINE#         401
  C:6B14H         LINE#         403
  C:6B14H         LINE#         404
  C:6B14H         LINE#         405
  C:6B17H         LINE#         406
  C:6B1EH         LINE#         407
  C:6B21H         LINE#         408
  C:6B24H         LINE#         410
  C:6B4CH         LINE#         411
  C:6B4FH         LINE#         412
  C:6B52H         LINE#         413
  C:6B54H         LINE#         414
  C:6B57H         LINE#         415
  -------         ENDPROC       _WRITEFLASH
  -------         PROC          READSCRATCHPAD1
  -------         DO            
  D:0007H         SYMBOL        c
  D:0004H         SYMBOL        pread
  -------         ENDDO         
  C:6D10H         LINE#         435
  C:6D10H         LINE#         436
  C:6D10H         LINE#         437
  C:6D12H         LINE#         438
  C:6D14H         LINE#         439
  C:6D16H         LINE#         440
  C:6D19H         LINE#         441
  C:6D3FH         LINE#         442
[...]
INITIALIZE_SENSOR. . . . . . . BANK2;   SENSOR  MAIN  
INIT_IO. . . . . . . . . . . . BANK2;   IO  MAIN  
INIT_K8. . . . . . . . . . . . BANK1;   KOD8  MAIN  
INIT_LAN . . . . . . . . . . . BANK1;   DS18B20  MAIN  
INIT_LIMITS_DATA . . . . . . . CODE;    MAIN  
INIT_SMS_PHONE . . . . . . . . BANK2;   SIEM_SMS  IO  
INIT_UART0 . . . . . . . . . . BANK1;   UART  MAIN  
INIT_UART1 . . . . . . . . . . BANK1;   UART  MAIN  
INLENGTHGPRS . . . . . . . . . XDATA;   GPRS  
INT. . . . . . . . . . . . . . XDATA;   MAIN  ATFLASH  
IN_DATA. . . . . . . . . . . . XDATA;   GPRS  UART  
IN_DATA_K8 . . . . . . . . . . XDATA;   KOD8  
IOBUFPOINTER . . . . . . . . . XDATA;   MAIN  
IOSTREAMBUF. . . . . . . . . . XDATA;   MAIN  GPRS  HTTP  IO  RMODEM  
IOSTREAMCONF . . . . . . . . . BANK3;   HTTP  
IOSTREAMSTATE. . . . . . . . . XDATA;   MAIN  GPRS  HTTP  IO  RMODEM  
IO_BUF . . . . . . . . . . . . XDATA;   IO  
IO_WHO_SEND_SMS. . . . . . . . XDATA;   IO  MAIN  
ISNONDELETE_SMS. . . . . . . . BANK2;   SIEM_SMS  IO  
IS_NEW_SMS . . . . . . . . . . BANK2;   SIEM_SMS  IO  
IS_NEW_SMS_8BIT. . . . . . . . BANK2;   SIEM_SMS  IO  
IS_SMS_SEND_OUT. . . . . . . . BANK2;   SIEM_SMS  IO  
ITERISDATA . . . . . . . . . . XDATA;   KOD8  
K8_ID. . . . . . . . . . . . . CODE;    KOD8  IO  
K8_START_PAC . . . . . . . . . CODE;    KOD8  
K8_TIME0 . . . . . . . . . . . CODE;    KOD8  IO  
K8_TIME1 . . . . . . . . . . . CODE;    KOD8  IO  
LAN_ERR_COUNT. . . . . . . . . XDATA;   DS18B20  
LAN_TEMPER . . . . . . . . . . XDATA;   DS18B20  MAIN  
LED1_MODE. . . . . . . . . . . CODE;    MAIN  INTERRUPT  
LEDSTAT_MODE . . . . . . . . . CODE;    MAIN  INTERRUPT  
LED_MODE . . . . . . . . . . . CODE;    MAIN  INTERRUPT  
LEN_BUF. . . . . . . . . . . . XDATA;   IO  
LEN_PASW_SMS . . . . . . . . . XDATA;   IO  MAIN  
LEN_READ_DATA. . . . . . . . . XDATA;   IO  
BL51 BANKED LINKER/LOCATER V6.22            10/13/2015  11:10:35  PAGE 197


LEN_TELNUM . . . . . . . . . . XDATA;   SIEM_SMS  
LEN_TELNUM_ASCII . . . . . . . XDATA;   SIEM_SMS  IO  
LIMITSDATA . . . . . . . . . . XDATA;   MAIN  SENSOR  
LINK8. . . . . . . . . . . . . XDATA;   KOD8  INTERRUPT  
LOCK_DATARAM . . . . . . . . . BIT;     MAIN  
LOUTK8 . . . . . . . . . . . . XDATA;   KOD8  
M. . . . . . . . . . . . . . . XDATA;   RMODEM  
MAIN . . . . . . . . . . . . . CODE;    MAIN  ?C_INIT  
MALARM . . . . . . . . . . . . XDATA;   MAIN  
MASKEVENTS . . . . . . . . . . XDATA;   MAIN  
MAUTO. . . . . . . . . . . . . XDATA;   MAIN  
MAX_ISR. . . . . . . . . . . . CODE;    INTERRUPT  
MAX_RECEIVE. . . . . . . . . . BANK1;   UART  RMODEM  
MAX_TRANSMIT . . . . . . . . . BANK1;   UART  RMODEM  
MD_CS. . . . . . . . . . . . . XDATA;   SIEM_SMS  
MD_F_NEED_SEND . . . . . . . . BIT;     SIEM_SMS  
MD_LEN . . . . . . . . . . . . XDATA;   SIEM_SMS  
MD_MODE. . . . . . . . . . . . XDATA;   SIEM_SMS  IO  
MD_NPACK_MOD_INC . . . . . . . XDATA;   SIEM_SMS  
MD_RESETGSM. . . . . . . . . . XDATA;   SIEM_SMS  IO  
MD_WHO_CALL. . . . . . . . . . XDATA;   SIEM_SMS  
MLOGCS . . . . . . . . . . . . XDATA;   MAIN  ATFLASH  
MLOGGER. . . . . . . . . . . . XDATA;   MAIN  
MONTH. . . . . . . . . . . . . CODE;    SIEM_SMS  
MRESULT. . . . . . . . . . . . XDATA;   MAIN  RELE  SENSOR  SIEM_SMS  
MSTATEVLAN . . . . . . . . . . XDATA;   DS18B20  
MSTORE . . . . . . . . . . . . XDATA;   MAIN  
M_DATE . . . . . . . . . . . . XDATA;   SIEM_SMS  
M_LED. . . . . . . . . . . . . XDATA;   INTERRUPT  
NEED_WRITE_TELDC_IX. . . . . . XDATA;   SIEM_SMS  
NOC. . . . . . . . . . . . . . CODE;    KOD8  
NPACK_31_INC . . . . . . . . . XDATA;   IO  
NPACK_32_INC . . . . . . . . . XDATA;   IO  GPRS  
NPACK_33_INC . . . . . . . . . XDATA;   IO  
NPACK_34_INC . . . . . . . . . XDATA;   IO  
NPACK_35_INC . . . . . . . . . XDATA;   IO  
NPACK_36_INC . . . . . . . . . XDATA;   IO  
NPACK_37_INC . . . . . . . . . XDATA;   IO  
NPACK_39_INC . . . . . . . . . XDATA;   IO  
NPACK_3B_INC . . . . . . . . . XDATA;   IO  
NPACK_3D_INC . . . . . . . . . XDATA;   IO  
NPACK_3F_INC . . . . . . . . . XDATA;   IO  
NPACK_43_INC . . . . . . . . . XDATA;   IO  
NPACK_45_INC . . . . . . . . . XDATA;   IO  
NPACK_47_INC . . . . . . . . . XDATA;   IO  
NPACK_49_INC . . . . . . . . . XDATA;   IO  
NPACK_4B_INC . . . . . . . . . XDATA;   IO  
NTICKS . . . . . . . . . . . . XDATA;   MAIN  
N_MEM_BADSMS . . . . . . . . . XDATA;   SIEM_SMS  
N_MEM_SMS. . . . . . . . . . . XDATA;   SIEM_SMS  
OPENDEVICEPROFILE. . . . . . . CODE;    MAIN  
OUTBUFCHANGE . . . . . . . . . BIT;     MAIN  HTTP  
OUTMAXPOINTER1 . . . . . . . . XDATA;   UART  
OUTMAXPOINTER2 . . . . . . . . XDATA;   UART  GPRS  RMODEM  
PARAM_DEFAULT. . . . . . . . . BANK2;   IO  MAIN  
PASW_SMS . . . . . . . . . . . XDATA;   IO  MAIN  
PBUF . . . . . . . . . . . . . DATA;    IO  
PBUF_READ_DATA . . . . . . . . DATA;    IO  SIEM_SMS  
PCHAR. . . . . . . . . . . . . DATA;    MAIN  ATFLASH  HTTP  
PCONTEXT . . . . . . . . . . . DATA;    RMODEM  GPRS  UART  
PEVENTS. . . . . . . . . . . . DATA;    MAIN  
PFD. . . . . . . . . . . . . . DATA;    MAIN  
PFD_MASK . . . . . . . . . . . DATA;    MAIN  
PINT . . . . . . . . . . . . . DATA;    MAIN  
PORT_ADC_LATCH . . . . . . . . XDATA;   MAIN  
BL51 BANKED LINKER/LOCATER V6.22            10/13/2015  11:10:35  PAGE 198


PORT_SENSOR. . . . . . . . . . XDATA;   SENSOR  
PORT_SENSOR_CURRENT. . . . . . XDATA;   SENSOR  IO  MAIN  
PORT_SENSOR_LATCH. . . . . . . XDATA;   SENSOR  MAIN  
PORT_SENSOR_P. . . . . . . . . XDATA;   SENSOR  
POUTBUFFER . . . . . . . . . . DATA;    MAIN  
PPP_LOGIN. . . . . . . . . . . CODE;    SETTING  
PPP_PASSW. . . . . . . . . . . CODE;    SETTING  
PREVIOUSEVENTS . . . . . . . . XDATA;   MAIN  
PTIMEL . . . . . . . . . . . . DATA;    MAIN  
RAA1 . . . . . . . . . . . . . XDATA;   MAIN  
RAA2 . . . . . . . . . . . . . XDATA;   MAIN  
RAA3 . . . . . . . . . . . . . XDATA;   MAIN  
RA_CNT . . . . . . . . . . . . XDATA;   MAIN  
RA_MODE. . . . . . . . . . . . BIT;     MAIN  INTERRUPT  IO  SIEM_SMS  
RA_TMP . . . . . . . . . . . . XDATA;   MAIN  
RDHEADER . . . . . . . . . . . XDATA;   ATFLASH  MAIN  
READAF . . . . . . . . . . . . BANK1;   ATFLASH  MAIN  
READSCRATCHPAD1. . . . . . . . CODE;    MAIN  IO  RELE  SIEM_SMS  
READ_BYTE_UART0. . . . . . . . BANK1;   UART  KOD8  SIEM_SMS  
READ_BYTE_UART0_GPRS . . . . . BANK1;   UART  GPRS  
READ_BYTE_UART1. . . . . . . . BANK1;   UART  KOD8  
READ_NEW_SMS . . . . . . . . . BANK2;   SIEM_SMS  IO  
READ_PORT_SENSOR_CUR . . . . . BANK2;   SENSOR  
RECEIVE_CHAR_MAX . . . . . . . BANK1;   UART  RMODEM  
RECEIVE_SIM. . . . . . . . . . BANK2;   SIEM_SMS  
RELE_LCOUNT. . . . . . . . . . XDATA;   MAIN  INTERRUPT  RELE  
REMOTEIP . . . . . . . . . . . CODE;    SETTING  HTTP  
REMOTEPORT . . . . . . . . . . CODE;    SETTING  HTTP  
RESETSTATE . . . . . . . . . . BANK2;   IO  
RESET_CODE . . . . . . . . . . XDATA;   MAIN  IO  RMODEM  SIEM_SMS  
RESET_STATE_LOG. . . . . . . . CODE;    MAIN  
RESPONDSITERIS . . . . . . . . XDATA;   KOD8  IO  
RESTARTTOLOADER. . . . . . . . BANK2;   SIEM_SMS  IO  RMODEM  
RESTART_PHONE. . . . . . . . . BANK2;   SIEM_SMS  IO  
RESTORESEARCH. . . . . . . . . BIT;     MAIN  
RM_ENABLE. . . . . . . . . . . BIT;     RMODEM  MAIN  
RNEXT. . . . . . . . . . . . . XDATA;   MAIN  
RX_DATA_SIM. . . . . . . . . . XDATA;   SIEM_SMS  
SAVEAMOUNTSEARCHPOINTS . . . . XDATA;   MAIN  
SAVECOUNTSEARCHPOINTS. . . . . XDATA;   MAIN  
SAVEIOBUFPOINTER . . . . . . . XDATA;   MAIN  
SAVEIOSTREAMSTATEOUT . . . . . XDATA;   MAIN  
SAVERDHEADER . . . . . . . . . XDATA;   MAIN  
SAVESEARCH2TIME. . . . . . . . XDATA;   MAIN  
SAVESMS_TAIL . . . . . . . . . XDATA;   MAIN  
SAVESTATESEARCH. . . . . . . . XDATA;   MAIN  
SAVETOFLASH. . . . . . . . . . BANK2;   RELE  
SCOUNT1S . . . . . . . . . . . XDATA;   INTERRUPT  
SCOUNTER . . . . . . . . . . . XDATA;   SIEM_SMS  
SEARCH1_TIME . . . . . . . . . XDATA;   MAIN  
SEARCH2_TIME . . . . . . . . . XDATA;   MAIN  
SEARCHENABLE . . . . . . . . . BIT;     MAIN  IO  RMODEM  
SEC_FOR_NUMTEL . . . . . . . . XDATA;   SIEM_SMS  IO  MAIN  
SENDSTATUSGPRS . . . . . . . . XDATA;   KOD8  HTTP  
SEND_CHAR_UART0. . . . . . . . BANK1;   UART  KOD8  SIEM_SMS  
SEND_CHAR_UART1. . . . . . . . BANK1;   UART  KOD8  
SEND_MAX . . . . . . . . . . . BANK1;   UART  GPRS  MAIN  RMODEM  
SETOSCSLOWMODE . . . . . . . . BANK3;   CONFIG  SIEM_SMS  
SETRDSEARCH. . . . . . . . . . CODE;    MAIN  
SETRDSEARCHRA. . . . . . . . . CODE;    MAIN  
SETUP_A. . . . . . . . . . . . DATA;    SENSOR  
SETUP_T. . . . . . . . . . . . DATA;    SENSOR  
SIM_LINE_TX. . . . . . . . . . XDATA;   SIEM_SMS  
SIM_LINE_TX_LEN. . . . . . . . XDATA;   SIEM_SMS  
SIZEBUF_RX_MAX . . . . . . . . XDATA;   UART  INTERRUPT  
BL51 BANKED LINKER/LOCATER V6.22            10/13/2015  11:10:35  PAGE 199


SIZEBUF_RX_UART0 . . . . . . . XDATA;   UART  INTERRUPT  KOD8  SIEM_SMS  
SIZEBUF_RX_UART1 . . . . . . . XDATA;   UART  INTERRUPT  KOD8  
SIZEOUTGPRS. . . . . . . . . . XDATA;   GPRS  HTTP  
SMS_RECEIVE_BUFFER . . . . . . XDATA;   SIEM_SMS  
SMS_RECEIVE_BUFFER_LEN . . . . XDATA;   SIEM_SMS  
SMS_TAIL . . . . . . . . . . . XDATA;   MAIN  GPRS  HTTP  IO  RMODEM  
SN_RM_INC. . . . . . . . . . . XDATA;   RMODEM  
SN_SMS . . . . . . . . . . . . XDATA;   RMODEM  
STARTCONVERTADC. . . . . . . . BANK1;   ADC  MAIN  
STARTK8. . . . . . . . . . . . XDATA;   KOD8  MAIN  
STATEALARM . . . . . . . . . . XDATA;   MAIN  RMODEM  
STATEGLOBGPRS. . . . . . . . . XDATA;   GPRS  IO  
STATEHTTP. . . . . . . . . . . XDATA;   HTTP  GPRS  
STATEINGPRS. . . . . . . . . . XDATA;   GPRS  
STATEINTAF . . . . . . . . . . DATA;    ATFLASH  INTERRUPT  
STATEK8. . . . . . . . . . . . XDATA;   KOD8  
STATELAN . . . . . . . . . . . XDATA;   DS18B20  MAIN  
STATEOUTGPRS . . . . . . . . . XDATA;   GPRS  
STATEPB. . . . . . . . . . . . XDATA;   IO  SIEM_SMS  
STATEREQUEST . . . . . . . . . XDATA;   MAIN  IO  RMODEM  
STATERM. . . . . . . . . . . . XDATA;   RMODEM  
STATESEARCH. . . . . . . . . . XDATA;   MAIN  IO  RMODEM  
STATESENDSMS . . . . . . . . . XDATA;   MAIN  IO  RMODEM  
STATEVLAN. . . . . . . . . . . DATA;    DS18B20  INTERRUPT  
STATE_INIT_SIM_WK. . . . . . . XDATA;   SIEM_SMS  
STATE_IO_WK. . . . . . . . . . XDATA;   IO  SIEM_SMS  
STATE_PER_SIM_WK . . . . . . . XDATA;   SIEM_SMS  
STATE_SENSOR . . . . . . . . . XDATA;   SENSOR  
STATE_SIM_RX . . . . . . . . . XDATA;   SIEM_SMS  
STATE_SIM_WK . . . . . . . . . XDATA;   SIEM_SMS  
STATE__RA. . . . . . . . . . . XDATA;   MAIN  
STIME_NET. . . . . . . . . . . XDATA;   SIEM_SMS  
STIME_RELE_ON. . . . . . . . . XDATA;   RELE  
STIME_RELE_WORK. . . . . . . . XDATA;   RELE  
STIME_WORK_OS. . . . . . . . . XDATA;   RELE  
STK8 . . . . . . . . . . . . . XDATA;   KOD8  MAIN  SIEM_SMS  
STLAN. . . . . . . . . . . . . XDATA;   DS18B20  MAIN  
STLED. . . . . . . . . . . . . XDATA;   MAIN  INTERRUPT  
STLED1 . . . . . . . . . . . . XDATA;   MAIN  INTERRUPT  
STLEDSTAT. . . . . . . . . . . XDATA;   MAIN  INTERRUPT  
STRM . . . . . . . . . . . . . XDATA;   RMODEM  MAIN  
STRS . . . . . . . . . . . . . XDATA;   SIEM_SMS  
STSYSTEM . . . . . . . . . . . XDATA;   MAIN  GPRS  HTTP  IO  SIEM_SMS  
TEL_NUM. . . . . . . . . . . . XDATA;   SIEM_SMS  IO  
TEMPERATURE_DATA_LSB_18B20 . . XDATA;   DS18B20  
TEMPERATURE_DATA_MSB_18B20 . . XDATA;   DS18B20  
TEST_IN_CS . . . . . . . . . . CODE;    MAIN  
TEST_READ_DATA . . . . . . . . BANK2;   IO  
TEST_READ_MES. . . . . . . . . BANK2;   IO  
THERM. . . . . . . . . . . . . XDATA;   ADC  MAIN  
THERMOMETER. . . . . . . . . . XDATA;   ADC  
TICKCOUNTER. . . . . . . . . . XDATA;   MAIN  
TICK_GPRS. . . . . . . . . . . DATA;    GPRS  INTERRUPT  
TIMEHTTP . . . . . . . . . . . XDATA;   GPRS  HTTP  MAIN  SIEM_SMS  
TIMER0_K8_1. . . . . . . . . . XDATA;   KOD8  INTERRUPT  
TIMER1_K8_1. . . . . . . . . . XDATA;   KOD8  INTERRUPT  
TIMER2INT. . . . . . . . . . . CODE;    INTERRUPT  
TIMER2_10X . . . . . . . . . . XDATA;   INTERRUPT  
TIMER3_VLAN_ISR. . . . . . . . CODE;    INTERRUPT  
TIMERA . . . . . . . . . . . . XDATA;   MAIN  INTERRUPT  
TIMER_GPRS_1 . . . . . . . . . XDATA;   GPRS  
TIMER_GPRS_GLOB. . . . . . . . XDATA;   GPRS  SIEM_SMS  
TIMER_GPRS_IN. . . . . . . . . XDATA;   GPRS  
TIMER_HANG_UART1 . . . . . . . XDATA;   KOD8  INTERRUPT  
TIMER_HTTP_DELAY . . . . . . . XDATA;   GPRS  HTTP  
BL51 BANKED LINKER/LOCATER V6.22            10/13/2015  11:10:35  PAGE 200


TIMER_HTTP_WAIT. . . . . . . . XDATA;   GPRS  HTTP  
TIMER_INSIDE . . . . . . . . . XDATA;   MAIN  INTERRUPT  SIEM_SMS  
TIMER_K8_01. . . . . . . . . . XDATA;   KOD8  INTERRUPT  
TIMER_K8_GPRS_DELAY. . . . . . XDATA;   KOD8  INTERRUPT  
TIMER_K8_MS. . . . . . . . . . DATA;    KOD8  INTERRUPT  
TIMER_K8_RES_UART1 . . . . . . XDATA;   KOD8  INTERRUPT  
TIMER_K8_UART1 . . . . . . . . XDATA;   KOD8  INTERRUPT  
TIMER_TICK . . . . . . . . . . BIT;     MAIN  INTERRUPT  
TIME_NOGPRS. . . . . . . . . . XDATA;   MAIN  INTERRUPT  IO  SIEM_SMS  
TIME_RELE_ON . . . . . . . . . XDATA;   RELE  IO  
TIME_RELE_WORK . . . . . . . . XDATA;   RELE  IO  
TIME_WAIT. . . . . . . . . . . XDATA;   MAIN  
TIME_WAIT_IO . . . . . . . . . XDATA;   MAIN  INTERRUPT  IO  
TIME_WAIT_IO2. . . . . . . . . XDATA;   MAIN  INTERRUPT  IO  
TIME_WAIT_IO3. . . . . . . . . XDATA;   MAIN  INTERRUPT  IO  
TIME_WAIT_LAN. . . . . . . . . XDATA;   MAIN  DS18B20  INTERRUPT  
TIME_WAIT_PHONE_RECEIVE. . . . XDATA;   MAIN  INTERRUPT  
TIME_WAIT_RM . . . . . . . . . XDATA;   RMODEM  INTERRUPT  
TIME_WAIT_SENSOR . . . . . . . XDATA;   SENSOR  INTERRUPT  
TIME_WAIT_SMSPHONE . . . . . . XDATA;   MAIN  INTERRUPT  SIEM_SMS  
TIME_WAIT_SMSPHONE1. . . . . . XDATA;   MAIN  INTERRUPT  SIEM_SMS  
TIME_WAIT_SMSPHONE2. . . . . . XDATA;   MAIN  INTERRUPT  SIEM_SMS  
TIME_WAIT_TEST . . . . . . . . XDATA;   MAIN  INTERRUPT  SIEM_SMS  
TIME_WAIT_TXTSMS . . . . . . . XDATA;   MAIN  INTERRUPT  
TMP_TELNUM . . . . . . . . . . XDATA;   SIEM_SMS  
TMP_TELNUM_ASCII . . . . . . . XDATA;   SIEM_SMS  IO  
TMP_TELNUM_POS . . . . . . . . XDATA;   SIEM_SMS  
TP_ST_RESULT . . . . . . . . . XDATA;   SIEM_SMS  
TX_DATA_UART0. . . . . . . . . XDATA;   UART  KOD8  SIEM_SMS  
TX_DATA_UART1. . . . . . . . . XDATA;   UART  KOD8  
TYPEMESOUT . . . . . . . . . . XDATA;   IO  
UART0_INTR . . . . . . . . . . CODE;    INTERRUPT  
UART1_INTR . . . . . . . . . . CODE;    INTERRUPT  
UKBUF_RX_R_MAX . . . . . . . . XDATA;   UART  
UKBUF_RX_R_UART0 . . . . . . . XDATA;   UART  
UKBUF_RX_R_UART1 . . . . . . . XDATA;   UART  
UKBUF_RX_W_MAX . . . . . . . . XDATA;   UART  INTERRUPT  
UKBUF_RX_W_UART0 . . . . . . . XDATA;   UART  INTERRUPT  
UKBUF_RX_W_UART1 . . . . . . . XDATA;   UART  INTERRUPT  
VLAN . . . . . . . . . . . . . BIT;     DS18B20  MAIN  
VLAN_INT . . . . . . . . . . . BIT;     DS18B20  INTERRUPT  
WAITREADYAF. . . . . . . . . . BANK1;   ATFLASH  
WAITSPI. . . . . . . . . . . . BANK1;   ATFLASH  
WHO_SEND_SMS . . . . . . . . . XDATA;   SIEM_SMS  IO  
WRHEADER . . . . . . . . . . . XDATA;   ATFLASH  IO  MAIN  
WRITEAF. . . . . . . . . . . . BANK1;   ATFLASH  MAIN  
WRITEOUTPUTDATA. . . . . . . . CODE;    MAIN  
WRITESCRATCHPAD1 . . . . . . . CODE;    MAIN  IO  RELE  SIEM_SMS  
_ASKBIT. . . . . . . . . . . . BANK2;   SENSOR  
_ATOI. . . . . . . . . . . . . CODE;    ATOI  GPRS  IO  SIEM_SMS  
_AUTOMAT_SENSOR_N. . . . . . . BANK2;   SENSOR  
_COMMAND_DEL_SMS . . . . . . . BANK2;   SIEM_SMS  
_COMMAND_READ_TELDC_SIM. . . . BANK2;   SIEM_SMS  
_COMP_TELNUM . . . . . . . . . BANK2;   SIEM_SMS  
_CPYITERISDATA . . . . . . . . BANK1;   KOD8  HTTP  
_CRC_8_LAN . . . . . . . . . . BANK1;   DS18B20  MAIN  
_C_ANS_KOM_RX. . . . . . . . . XDATA;   SIEM_SMS  
_C_RELE_DO . . . . . . . . . . XDATA;   RELE  IO  
_DATA_DECODE . . . . . . . . . BANK2;   IO  
_DO_PACK030F . . . . . . . . . BANK2;   IO  MAIN  
_DO_PACK53 . . . . . . . . . . BANK2;   IO  MAIN  
_DO_PACK_TEL_8B_SMS. . . . . . BANK2;   SIEM_SMS  
_DO_TXTPACK_N. . . . . . . . . BANK2;   IO  MAIN  
_DO_TXTPACK_P. . . . . . . . . BANK2;   IO  MAIN  
_DO_TXTPACK_S. . . . . . . . . BANK2;   IO  MAIN  
BL51 BANKED LINKER/LOCATER V6.22            10/13/2015  11:10:35  PAGE 201


_DO_TXTPACK_T. . . . . . . . . BANK2;   IO  MAIN  
_DO_TXTPACK_V. . . . . . . . . BANK2;   IO  MAIN  
_ERR_LAN . . . . . . . . . . . BIT;     DS18B20  INTERRUPT  
_FLAG_HAVE_TAIL. . . . . . . . BIT;     IO  
_FLAG_NEED_DELETE_BADSMS . . . BIT;     SIEM_SMS  
_FLAG_NEED_DELETE_SMS. . . . . BIT;     SIEM_SMS  
_FLAG_NEED_DO_RESTART. . . . . BIT;     IO  MAIN  
_FLAG_NEED_READ_ALL_TELS . . . BIT;     SIEM_SMS  
_FLAG_NEED_SEND_SMS. . . . . . BIT;     SIEM_SMS  IO  
_FLAG_NEED_TO_LOADER . . . . . BIT;     IO  
_FLAG_NEED_WAIT_SR . . . . . . BIT;     SIEM_SMS  
_FLAG_NEW_LINE_SIM . . . . . . BIT;     SIEM_SMS  
_FLAG_NEW_SMS. . . . . . . . . BIT;     SIEM_SMS  
_FLAG_SECBUT_ON. . . . . . . . BIT;     SENSOR  IO  MAIN  RELE  
_FLAG_SEND_LAST_PACK . . . . . BIT;     IO  
_FLAG_SEND_P_LAST_PACK . . . . BIT;     IO  
_FLAG_SMS_SIGNAL_LEVEL_NULL. . BIT;     SIEM_SMS  
_FLAG_TANGENTA . . . . . . . . BIT;     UART  
_FLAG_TEL_READY. . . . . . . . BIT;     SIEM_SMS  IO  
_FLAG_TEL_READY_R. . . . . . . BIT;     SIEM_SMS  IO  
_FULL_BUF_NUM_TEL. . . . . . . BANK2;   SIEM_SMS  IO  
_FULL_BUF_NUM_TEL2 . . . . . . BANK2;   SIEM_SMS  IO  
_F_SMS_ACCEPT_TYPE_8BIT. . . . BIT;     SIEM_SMS  
_F_SMS_NOANSWER. . . . . . . . BIT;     SIEM_SMS  IO  MAIN  
_GETTEL_ASCII_TO_SO. . . . . . BANK2;   SIEM_SMS  IO  
_GETTEL_ATSO_TO_SO . . . . . . BANK2;   SIEM_SMS  
_GETTEL_SO_TO_ASCII. . . . . . BANK2;   SIEM_SMS  IO  
_GET_BYTE_FR_ASCII . . . . . . BANK2;   SIEM_SMS  
_GET_HTTP_TIME . . . . . . . . BANK2;   SIEM_SMS  GPRS  
_GET_NPACK_INC . . . . . . . . BANK2;   IO  GPRS  
_GET_NUM_SMS_FR_ASCII. . . . . BANK2;   SIEM_SMS  
_GET_SN_SMS. . . . . . . . . . BANK1;   RMODEM  
_HEXASCII_TO_HEX . . . . . . . BANK2;   SIEM_SMS  
_HEX_TO_DECASCII_5 . . . . . . BANK2;   IO  HTTP  SIEM_SMS  
_HEX_TO_HEXASCII_HI. . . . . . BANK2;   SIEM_SMS  IO  
_HEX_TO_HEXASCII_LO. . . . . . BANK2;   SIEM_SMS  IO  
_INIT_MAX. . . . . . . . . . . BANK1;   UART  GPRS  RMODEM  
_ISDIGIT . . . . . . . . . . . CODE;    ISDIGIT  ATOI  
_ISSENSCHANGE. . . . . . . . . BANK2;   SENSOR  
_ISSPACE . . . . . . . . . . . CODE;    ISSPACE  ATOI  
_LAN_EXIST . . . . . . . . . . BIT;     DS18B20  INTERRUPT  
_NPACKINC. . . . . . . . . . . BANK2;   IO  GPRS  
_ONLINE. . . . . . . . . . . . BIT;     IO  SIEM_SMS  
_READFLASH . . . . . . . . . . CODE;    MAIN  IO  
_READ_PORT_SENSOR. . . . . . . BANK2;   SENSOR  
_RESET_SENSOR. . . . . . . . . BANK2;   SENSOR  
_SENDSTRINGUART0 . . . . . . . BANK1;   UART  GPRS  
_SENDSTRINGUART1 . . . . . . . BANK1;   UART  KOD8  
_SEND_C_OUT_MAX. . . . . . . . BANK3;   GPRS  HTTP  IO  SIEM_SMS  
_SEND_MODEM. . . . . . . . . . BANK2;   SIEM_SMS  IO  
_SEND_SMS. . . . . . . . . . . BANK2;   SIEM_SMS  IO  
_SEND_STR_SIM. . . . . . . . . BANK2;   SIEM_SMS  
_SENSACTION. . . . . . . . . . BANK2;   SENSOR  
_SENSFRONTTEST . . . . . . . . BANK2;   SENSOR  
_SETBIT. . . . . . . . . . . . BANK2;   SENSOR  
_SETSOB. . . . . . . . . . . . BANK2;   SENSOR  
_SET_COM_SPEED . . . . . . . . BANK3;   CONFIG  SIEM_SMS  
_STRCAT. . . . . . . . . . . . CODE;    STRCAT  HTTP  KOD8  
_STRCHR. . . . . . . . . . . . CODE;    STRCHR  KOD8  
_STRLEN. . . . . . . . . . . . CODE;    STRLEN  HTTP  IO  KOD8  UART  
_STRNCAT . . . . . . . . . . . CODE;    STRNCAT  HTTP  KOD8  
_STRNCMP . . . . . . . . . . . CODE;    STRNCMP  GPRS  IO  KOD8  SIEM_SMS  
_SWITCHBANK. . . . . . . . . . CODE;    ?BANK?SWITCHING  
_TEST_READ_TEXT. . . . . . . . BANK2;   IO  MAIN  
_TEST_TEL_TO_PHONE . . . . . . BANK2;   IO  MAIN  
BL51 BANKED LINKER/LOCATER V6.22            10/13/2015  11:10:35  PAGE 202


_TOUPPER . . . . . . . . . . . CODE;    TOUPPER  IO  
_TSTPHONENUM . . . . . . . . . BANK2;   IO  
_UPRRELE . . . . . . . . . . . BANK2;   RELE  MAIN  
_WRITEFLASH. . . . . . . . . . CODE;    MAIN  IO  
_WRITE_TEL_TO_PHONE. . . . . . BANK2;   SIEM_SMS  MAIN  

Program Size: data=96.6 xdata=7495 code=56494
LINK/LOCATE RUN COMPLETE.  0 WARNING(S),  0 ERROR(S)
